TimeQuest Timing Analyzer report for alu
Wed Apr 12 17:55:47 2017
Quartus II 32-bit Version 13.0.1 Build 232 06/12/2013 Service Pack 1 SJ Web Edition


---------------------
; Table of Contents ;
---------------------
  1. Legal Notice
  2. TimeQuest Timing Analyzer Summary
  3. Parallel Compilation
  4. Clocks
  5. Slow Model Fmax Summary
  6. Slow Model Setup Summary
  7. Slow Model Hold Summary
  8. Slow Model Recovery Summary
  9. Slow Model Removal Summary
 10. Slow Model Minimum Pulse Width Summary
 11. Slow Model Minimum Pulse Width: 'SW[9]'
 12. Setup Times
 13. Hold Times
 14. Clock to Output Times
 15. Minimum Clock to Output Times
 16. Propagation Delay
 17. Minimum Propagation Delay
 18. Fast Model Setup Summary
 19. Fast Model Hold Summary
 20. Fast Model Recovery Summary
 21. Fast Model Removal Summary
 22. Fast Model Minimum Pulse Width Summary
 23. Fast Model Minimum Pulse Width: 'SW[9]'
 24. Setup Times
 25. Hold Times
 26. Clock to Output Times
 27. Minimum Clock to Output Times
 28. Propagation Delay
 29. Minimum Propagation Delay
 30. Multicorner Timing Analysis Summary
 31. Setup Times
 32. Hold Times
 33. Clock to Output Times
 34. Minimum Clock to Output Times
 35. Progagation Delay
 36. Minimum Progagation Delay
 37. Clock Transfers
 38. Report TCCS
 39. Report RSKM
 40. Unconstrained Paths
 41. TimeQuest Timing Analyzer Messages



----------------
; Legal Notice ;
----------------
Copyright (C) 1991-2013 Altera Corporation
Your use of Altera Corporation's design tools, logic functions 
and other software and tools, and its AMPP partner logic 
functions, and any output files from any of the foregoing 
(including device programming or simulation files), and any 
associated documentation or information are expressly subject 
to the terms and conditions of the Altera Program License 
Subscription Agreement, Altera MegaCore Function License 
Agreement, or other applicable license agreement, including, 
without limitation, that your use is for the sole purpose of 
programming logic devices manufactured by Altera and sold by 
Altera or its authorized distributors.  Please refer to the 
applicable agreement for further details.



+----------------------------------------------------------------------------------------+
; TimeQuest Timing Analyzer Summary                                                      ;
+--------------------+-------------------------------------------------------------------+
; Quartus II Version ; Version 13.0.1 Build 232 06/12/2013 Service Pack 1 SJ Web Edition ;
; Revision Name      ; alu                                                               ;
; Device Family      ; Cyclone II                                                        ;
; Device Name        ; EP2C20F484C7                                                      ;
; Timing Models      ; Final                                                             ;
; Delay Model        ; Combined                                                          ;
; Rise/Fall Delays   ; Unavailable                                                       ;
+--------------------+-------------------------------------------------------------------+


Parallel compilation was disabled, but you have multiple processors available. Enable parallel compilation to reduce compilation time.
+-------------------------------------+
; Parallel Compilation                ;
+----------------------------+--------+
; Processors                 ; Number ;
+----------------------------+--------+
; Number detected on machine ; 4      ;
; Maximum allowed            ; 1      ;
+----------------------------+--------+


+-----------------------------------------------------------------------------------------------------------------------------------------------------------------------------------+
; Clocks                                                                                                                                                                            ;
+------------+------+--------+------------+-------+-------+------------+-----------+-------------+-------+--------+-----------+------------+----------+--------+--------+-----------+
; Clock Name ; Type ; Period ; Frequency  ; Rise  ; Fall  ; Duty Cycle ; Divide by ; Multiply by ; Phase ; Offset ; Edge List ; Edge Shift ; Inverted ; Master ; Source ; Targets   ;
+------------+------+--------+------------+-------+-------+------------+-----------+-------------+-------+--------+-----------+------------+----------+--------+--------+-----------+
; SW[9]      ; Base ; 1.000  ; 1000.0 MHz ; 0.000 ; 0.500 ;            ;           ;             ;       ;        ;           ;            ;          ;        ;        ; { SW[9] } ;
+------------+------+--------+------------+-------+-------+------------+-----------+-------------+-------+--------+-----------+------------+----------+--------+--------+-----------+


---------------------------
; Slow Model Fmax Summary ;
---------------------------
No paths to report.


----------------------------
; Slow Model Setup Summary ;
----------------------------
No paths to report.


---------------------------
; Slow Model Hold Summary ;
---------------------------
No paths to report.


-------------------------------
; Slow Model Recovery Summary ;
-------------------------------
No paths to report.


------------------------------
; Slow Model Removal Summary ;
------------------------------
No paths to report.


+----------------------------------------+
; Slow Model Minimum Pulse Width Summary ;
+-------+--------+-----------------------+
; Clock ; Slack  ; End Point TNS         ;
+-------+--------+-----------------------+
; SW[9] ; -1.631 ; -1.631                ;
+-------+--------+-----------------------+


+---------------------------------------------------------------------------------------------------------+
; Slow Model Minimum Pulse Width: 'SW[9]'                                                                 ;
+--------+--------------+----------------+------------------+-------+------------+------------------------+
; Slack  ; Actual Width ; Required Width ; Type             ; Clock ; Clock Edge ; Target                 ;
+--------+--------------+----------------+------------------+-------+------------+------------------------+
; -1.631 ; 1.000        ; 2.631          ; Port Rate        ; SW[9] ; Rise       ; SW[9]                  ;
; 0.500  ; 0.500        ; 0.000          ; High Pulse Width ; SW[9] ; Rise       ; SW[9]|combout          ;
; 0.500  ; 0.500        ; 0.000          ; Low Pulse Width  ; SW[9] ; Rise       ; SW[9]|combout          ;
; 0.500  ; 0.500        ; 0.000          ; High Pulse Width ; SW[9] ; Rise       ; SW[9]~clkctrl|inclk[0] ;
; 0.500  ; 0.500        ; 0.000          ; Low Pulse Width  ; SW[9] ; Rise       ; SW[9]~clkctrl|inclk[0] ;
; 0.500  ; 0.500        ; 0.000          ; High Pulse Width ; SW[9] ; Rise       ; SW[9]~clkctrl|outclk   ;
; 0.500  ; 0.500        ; 0.000          ; Low Pulse Width  ; SW[9] ; Rise       ; SW[9]~clkctrl|outclk   ;
; 0.500  ; 0.500        ; 0.000          ; High Pulse Width ; SW[9] ; Rise       ; alu:al|n               ;
; 0.500  ; 0.500        ; 0.000          ; Low Pulse Width  ; SW[9] ; Rise       ; alu:al|n               ;
; 0.500  ; 0.500        ; 0.000          ; High Pulse Width ; SW[9] ; Fall       ; alu:al|tmp2[0]         ;
; 0.500  ; 0.500        ; 0.000          ; Low Pulse Width  ; SW[9] ; Fall       ; alu:al|tmp2[0]         ;
; 0.500  ; 0.500        ; 0.000          ; High Pulse Width ; SW[9] ; Fall       ; alu:al|tmp2[1]         ;
; 0.500  ; 0.500        ; 0.000          ; Low Pulse Width  ; SW[9] ; Fall       ; alu:al|tmp2[1]         ;
; 0.500  ; 0.500        ; 0.000          ; High Pulse Width ; SW[9] ; Fall       ; alu:al|tmp2[2]         ;
; 0.500  ; 0.500        ; 0.000          ; Low Pulse Width  ; SW[9] ; Fall       ; alu:al|tmp2[2]         ;
; 0.500  ; 0.500        ; 0.000          ; High Pulse Width ; SW[9] ; Fall       ; alu:al|tmp2[3]         ;
; 0.500  ; 0.500        ; 0.000          ; Low Pulse Width  ; SW[9] ; Fall       ; alu:al|tmp2[3]         ;
; 0.500  ; 0.500        ; 0.000          ; High Pulse Width ; SW[9] ; Rise       ; al|n|datad             ;
; 0.500  ; 0.500        ; 0.000          ; Low Pulse Width  ; SW[9] ; Rise       ; al|n|datad             ;
; 0.500  ; 0.500        ; 0.000          ; High Pulse Width ; SW[9] ; Rise       ; al|tmp2[0]|datad       ;
; 0.500  ; 0.500        ; 0.000          ; Low Pulse Width  ; SW[9] ; Rise       ; al|tmp2[0]|datad       ;
; 0.500  ; 0.500        ; 0.000          ; High Pulse Width ; SW[9] ; Rise       ; al|tmp2[1]|datac       ;
; 0.500  ; 0.500        ; 0.000          ; Low Pulse Width  ; SW[9] ; Rise       ; al|tmp2[1]|datac       ;
; 0.500  ; 0.500        ; 0.000          ; High Pulse Width ; SW[9] ; Rise       ; al|tmp2[2]|datad       ;
; 0.500  ; 0.500        ; 0.000          ; Low Pulse Width  ; SW[9] ; Rise       ; al|tmp2[2]|datad       ;
; 0.500  ; 0.500        ; 0.000          ; High Pulse Width ; SW[9] ; Rise       ; al|tmp2[3]|datad       ;
; 0.500  ; 0.500        ; 0.000          ; Low Pulse Width  ; SW[9] ; Rise       ; al|tmp2[3]|datad       ;
+--------+--------------+----------------+------------------+-------+------------+------------------------+


+-----------------------------------------------------------------------+
; Setup Times                                                           ;
+-----------+------------+-------+-------+------------+-----------------+
; Data Port ; Clock Port ; Rise  ; Fall  ; Clock Edge ; Clock Reference ;
+-----------+------------+-------+-------+------------+-----------------+
; SW[*]     ; SW[9]      ; 5.552 ; 5.552 ; Rise       ; SW[9]           ;
;  SW[0]    ; SW[9]      ; 5.132 ; 5.132 ; Rise       ; SW[9]           ;
;  SW[1]    ; SW[9]      ; 4.886 ; 4.886 ; Rise       ; SW[9]           ;
;  SW[2]    ; SW[9]      ; 2.812 ; 2.812 ; Rise       ; SW[9]           ;
;  SW[3]    ; SW[9]      ; 2.083 ; 2.083 ; Rise       ; SW[9]           ;
;  SW[4]    ; SW[9]      ; 4.900 ; 4.900 ; Rise       ; SW[9]           ;
;  SW[5]    ; SW[9]      ; 4.150 ; 4.150 ; Rise       ; SW[9]           ;
;  SW[6]    ; SW[9]      ; 3.120 ; 3.120 ; Rise       ; SW[9]           ;
;  SW[7]    ; SW[9]      ; 2.232 ; 2.232 ; Rise       ; SW[9]           ;
;  SW[8]    ; SW[9]      ; 5.552 ; 5.552 ; Rise       ; SW[9]           ;
; SW[*]     ; SW[9]      ; 2.234 ; 2.234 ; Fall       ; SW[9]           ;
;  SW[0]    ; SW[9]      ; 1.815 ; 1.815 ; Fall       ; SW[9]           ;
;  SW[1]    ; SW[9]      ; 1.433 ; 1.433 ; Fall       ; SW[9]           ;
;  SW[2]    ; SW[9]      ; 1.752 ; 1.752 ; Fall       ; SW[9]           ;
;  SW[3]    ; SW[9]      ; 2.043 ; 2.043 ; Fall       ; SW[9]           ;
;  SW[4]    ; SW[9]      ; 1.581 ; 1.581 ; Fall       ; SW[9]           ;
;  SW[5]    ; SW[9]      ; 1.518 ; 1.518 ; Fall       ; SW[9]           ;
;  SW[6]    ; SW[9]      ; 2.062 ; 2.062 ; Fall       ; SW[9]           ;
;  SW[7]    ; SW[9]      ; 1.991 ; 1.991 ; Fall       ; SW[9]           ;
;  SW[8]    ; SW[9]      ; 2.234 ; 2.234 ; Fall       ; SW[9]           ;
+-----------+------------+-------+-------+------------+-----------------+


+-------------------------------------------------------------------------+
; Hold Times                                                              ;
+-----------+------------+--------+--------+------------+-----------------+
; Data Port ; Clock Port ; Rise   ; Fall   ; Clock Edge ; Clock Reference ;
+-----------+------------+--------+--------+------------+-----------------+
; SW[*]     ; SW[9]      ; -1.033 ; -1.033 ; Rise       ; SW[9]           ;
;  SW[0]    ; SW[9]      ; -3.690 ; -3.690 ; Rise       ; SW[9]           ;
;  SW[1]    ; SW[9]      ; -3.836 ; -3.836 ; Rise       ; SW[9]           ;
;  SW[2]    ; SW[9]      ; -1.762 ; -1.762 ; Rise       ; SW[9]           ;
;  SW[3]    ; SW[9]      ; -1.033 ; -1.033 ; Rise       ; SW[9]           ;
;  SW[4]    ; SW[9]      ; -3.452 ; -3.452 ; Rise       ; SW[9]           ;
;  SW[5]    ; SW[9]      ; -3.100 ; -3.100 ; Rise       ; SW[9]           ;
;  SW[6]    ; SW[9]      ; -2.070 ; -2.070 ; Rise       ; SW[9]           ;
;  SW[7]    ; SW[9]      ; -1.182 ; -1.182 ; Rise       ; SW[9]           ;
;  SW[8]    ; SW[9]      ; -1.183 ; -1.183 ; Rise       ; SW[9]           ;
; SW[*]     ; SW[9]      ; -0.628 ; -0.628 ; Fall       ; SW[9]           ;
;  SW[0]    ; SW[9]      ; -1.008 ; -1.008 ; Fall       ; SW[9]           ;
;  SW[1]    ; SW[9]      ; -0.628 ; -0.628 ; Fall       ; SW[9]           ;
;  SW[2]    ; SW[9]      ; -0.942 ; -0.942 ; Fall       ; SW[9]           ;
;  SW[3]    ; SW[9]      ; -1.035 ; -1.035 ; Fall       ; SW[9]           ;
;  SW[4]    ; SW[9]      ; -0.774 ; -0.774 ; Fall       ; SW[9]           ;
;  SW[5]    ; SW[9]      ; -0.713 ; -0.713 ; Fall       ; SW[9]           ;
;  SW[6]    ; SW[9]      ; -1.252 ; -1.252 ; Fall       ; SW[9]           ;
;  SW[7]    ; SW[9]      ; -0.983 ; -0.983 ; Fall       ; SW[9]           ;
;  SW[8]    ; SW[9]      ; -0.913 ; -0.913 ; Fall       ; SW[9]           ;
+-----------+------------+--------+--------+------------+-----------------+


+-------------------------------------------------------------------------+
; Clock to Output Times                                                   ;
+-----------+------------+--------+--------+------------+-----------------+
; Data Port ; Clock Port ; Rise   ; Fall   ; Clock Edge ; Clock Reference ;
+-----------+------------+--------+--------+------------+-----------------+
; HEX0[*]   ; SW[9]      ; 11.949 ; 11.949 ; Rise       ; SW[9]           ;
;  HEX0[0]  ; SW[9]      ; 11.684 ; 11.684 ; Rise       ; SW[9]           ;
;  HEX0[1]  ; SW[9]      ; 11.949 ; 11.949 ; Rise       ; SW[9]           ;
;  HEX0[2]  ; SW[9]      ; 11.705 ; 11.705 ; Rise       ; SW[9]           ;
;  HEX0[3]  ; SW[9]      ; 10.389 ; 10.389 ; Rise       ; SW[9]           ;
;  HEX0[4]  ; SW[9]      ; 10.064 ; 10.064 ; Rise       ; SW[9]           ;
;  HEX0[5]  ; SW[9]      ; 11.380 ; 11.380 ; Rise       ; SW[9]           ;
;  HEX0[6]  ; SW[9]      ; 11.374 ; 11.374 ; Rise       ; SW[9]           ;
; HEX1[*]   ; SW[9]      ; 10.395 ; 10.395 ; Rise       ; SW[9]           ;
;  HEX1[6]  ; SW[9]      ; 10.395 ; 10.395 ; Rise       ; SW[9]           ;
; LEDR[*]   ; SW[9]      ; 9.934  ; 9.934  ; Rise       ; SW[9]           ;
;  LEDR[0]  ; SW[9]      ; 8.525  ; 8.525  ; Rise       ; SW[9]           ;
;  LEDR[3]  ; SW[9]      ; 9.934  ; 9.934  ; Rise       ; SW[9]           ;
; HEX0[*]   ; SW[9]      ; 12.150 ; 12.150 ; Fall       ; SW[9]           ;
;  HEX0[0]  ; SW[9]      ; 11.885 ; 11.885 ; Fall       ; SW[9]           ;
;  HEX0[1]  ; SW[9]      ; 12.150 ; 12.150 ; Fall       ; SW[9]           ;
;  HEX0[2]  ; SW[9]      ; 11.906 ; 11.906 ; Fall       ; SW[9]           ;
;  HEX0[3]  ; SW[9]      ; 10.646 ; 10.646 ; Fall       ; SW[9]           ;
;  HEX0[4]  ; SW[9]      ; 10.321 ; 10.321 ; Fall       ; SW[9]           ;
;  HEX0[5]  ; SW[9]      ; 11.581 ; 11.581 ; Fall       ; SW[9]           ;
;  HEX0[6]  ; SW[9]      ; 11.575 ; 11.575 ; Fall       ; SW[9]           ;
; HEX1[*]   ; SW[9]      ; 10.596 ; 10.596 ; Fall       ; SW[9]           ;
;  HEX1[6]  ; SW[9]      ; 10.596 ; 10.596 ; Fall       ; SW[9]           ;
; LEDR[*]   ; SW[9]      ; 9.954  ; 9.954  ; Fall       ; SW[9]           ;
;  LEDR[3]  ; SW[9]      ; 9.954  ; 9.954  ; Fall       ; SW[9]           ;
+-----------+------------+--------+--------+------------+-----------------+


+-------------------------------------------------------------------------+
; Minimum Clock to Output Times                                           ;
+-----------+------------+--------+--------+------------+-----------------+
; Data Port ; Clock Port ; Rise   ; Fall   ; Clock Edge ; Clock Reference ;
+-----------+------------+--------+--------+------------+-----------------+
; HEX0[*]   ; SW[9]      ; 9.589  ; 9.589  ; Rise       ; SW[9]           ;
;  HEX0[0]  ; SW[9]      ; 9.897  ; 9.897  ; Rise       ; SW[9]           ;
;  HEX0[1]  ; SW[9]      ; 10.162 ; 10.162 ; Rise       ; SW[9]           ;
;  HEX0[2]  ; SW[9]      ; 9.916  ; 9.916  ; Rise       ; SW[9]           ;
;  HEX0[3]  ; SW[9]      ; 9.917  ; 9.917  ; Rise       ; SW[9]           ;
;  HEX0[4]  ; SW[9]      ; 9.593  ; 9.593  ; Rise       ; SW[9]           ;
;  HEX0[5]  ; SW[9]      ; 9.591  ; 9.591  ; Rise       ; SW[9]           ;
;  HEX0[6]  ; SW[9]      ; 9.589  ; 9.589  ; Rise       ; SW[9]           ;
; HEX1[*]   ; SW[9]      ; 10.395 ; 10.395 ; Rise       ; SW[9]           ;
;  HEX1[6]  ; SW[9]      ; 10.395 ; 10.395 ; Rise       ; SW[9]           ;
; LEDR[*]   ; SW[9]      ; 8.525  ; 8.525  ; Rise       ; SW[9]           ;
;  LEDR[0]  ; SW[9]      ; 8.525  ; 8.525  ; Rise       ; SW[9]           ;
;  LEDR[3]  ; SW[9]      ; 9.931  ; 9.931  ; Rise       ; SW[9]           ;
; HEX0[*]   ; SW[9]      ; 9.589  ; 9.589  ; Fall       ; SW[9]           ;
;  HEX0[0]  ; SW[9]      ; 9.897  ; 9.897  ; Fall       ; SW[9]           ;
;  HEX0[1]  ; SW[9]      ; 10.162 ; 10.162 ; Fall       ; SW[9]           ;
;  HEX0[2]  ; SW[9]      ; 9.916  ; 9.916  ; Fall       ; SW[9]           ;
;  HEX0[3]  ; SW[9]      ; 9.917  ; 9.917  ; Fall       ; SW[9]           ;
;  HEX0[4]  ; SW[9]      ; 9.593  ; 9.593  ; Fall       ; SW[9]           ;
;  HEX0[5]  ; SW[9]      ; 9.591  ; 9.591  ; Fall       ; SW[9]           ;
;  HEX0[6]  ; SW[9]      ; 9.589  ; 9.589  ; Fall       ; SW[9]           ;
; HEX1[*]   ; SW[9]      ; 10.395 ; 10.395 ; Fall       ; SW[9]           ;
;  HEX1[6]  ; SW[9]      ; 10.395 ; 10.395 ; Fall       ; SW[9]           ;
; LEDR[*]   ; SW[9]      ; 8.664  ; 8.664  ; Fall       ; SW[9]           ;
;  LEDR[3]  ; SW[9]      ; 8.664  ; 8.664  ; Fall       ; SW[9]           ;
+-----------+------------+--------+--------+------------+-----------------+


+--------------------------------------------------------------+
; Propagation Delay                                            ;
+------------+-------------+--------+--------+--------+--------+
; Input Port ; Output Port ; RR     ; RF     ; FR     ; FF     ;
+------------+-------------+--------+--------+--------+--------+
; SW[0]      ; HEX0[0]     ; 13.977 ; 13.977 ; 13.977 ; 13.977 ;
; SW[0]      ; HEX0[1]     ; 14.242 ; 14.242 ; 14.242 ; 14.242 ;
; SW[0]      ; HEX0[2]     ; 13.998 ; 13.998 ; 13.998 ; 13.998 ;
; SW[0]      ; HEX0[3]     ; 12.903 ; 12.903 ; 12.903 ; 12.903 ;
; SW[0]      ; HEX0[4]     ; 12.578 ; 12.578 ; 12.578 ; 12.578 ;
; SW[0]      ; HEX0[5]     ; 13.673 ; 13.673 ; 13.673 ; 13.673 ;
; SW[0]      ; HEX0[6]     ; 13.667 ; 13.667 ; 13.667 ; 13.667 ;
; SW[0]      ; HEX1[6]     ; 12.688 ; 12.688 ; 12.688 ; 12.688 ;
; SW[0]      ; LEDR[1]     ; 11.692 ; 11.692 ; 11.692 ; 11.692 ;
; SW[0]      ; LEDR[2]     ; 12.007 ; 12.007 ; 12.007 ; 12.007 ;
; SW[0]      ; LEDR[3]     ; 11.951 ; 11.951 ; 11.951 ; 11.951 ;
; SW[1]      ; HEX0[0]     ; 13.731 ; 13.731 ; 13.731 ; 13.731 ;
; SW[1]      ; HEX0[1]     ; 13.996 ; 13.996 ; 13.996 ; 13.996 ;
; SW[1]      ; HEX0[2]     ; 13.752 ; 13.752 ; 13.752 ; 13.752 ;
; SW[1]      ; HEX0[3]     ; 12.657 ; 12.657 ; 12.657 ; 12.657 ;
; SW[1]      ; HEX0[4]     ; 12.332 ; 12.332 ; 12.332 ; 12.332 ;
; SW[1]      ; HEX0[5]     ; 13.427 ; 13.427 ; 13.427 ; 13.427 ;
; SW[1]      ; HEX0[6]     ; 13.421 ; 13.421 ; 13.421 ; 13.421 ;
; SW[1]      ; HEX1[6]     ; 12.442 ; 12.442 ; 12.442 ; 12.442 ;
; SW[1]      ; LEDR[1]     ; 11.446 ; 11.446 ; 11.446 ; 11.446 ;
; SW[1]      ; LEDR[2]     ; 11.761 ; 11.761 ; 11.761 ; 11.761 ;
; SW[1]      ; LEDR[3]     ; 11.705 ; 11.705 ; 11.705 ; 11.705 ;
; SW[2]      ; HEX0[0]     ; 11.657 ; 11.657 ; 11.657 ; 11.657 ;
; SW[2]      ; HEX0[1]     ; 11.922 ; 11.922 ; 11.922 ; 11.922 ;
; SW[2]      ; HEX0[2]     ; 11.678 ; 11.678 ; 11.678 ; 11.678 ;
; SW[2]      ; HEX0[3]     ; 10.582 ; 10.582 ; 10.582 ; 10.582 ;
; SW[2]      ; HEX0[4]     ; 10.257 ; 10.257 ; 10.257 ; 10.257 ;
; SW[2]      ; HEX0[5]     ; 11.353 ; 11.353 ; 11.353 ; 11.353 ;
; SW[2]      ; HEX0[6]     ; 11.347 ; 11.347 ; 11.347 ; 11.347 ;
; SW[2]      ; HEX1[6]     ; 10.368 ; 10.368 ; 10.368 ; 10.368 ;
; SW[2]      ; LEDR[1]     ; 9.372  ; 9.372  ; 9.372  ; 9.372  ;
; SW[2]      ; LEDR[2]     ; 9.687  ; 9.687  ; 9.687  ; 9.687  ;
; SW[2]      ; LEDR[3]     ; 9.631  ; 9.631  ; 9.631  ; 9.631  ;
; SW[3]      ; HEX0[0]     ; 12.327 ; 12.327 ; 12.327 ; 12.327 ;
; SW[3]      ; HEX0[1]     ; 12.592 ; 12.592 ; 12.592 ; 12.592 ;
; SW[3]      ; HEX0[2]     ; 12.348 ; 12.348 ; 12.348 ; 12.348 ;
; SW[3]      ; HEX0[5]     ; 12.023 ; 12.023 ; 12.023 ; 12.023 ;
; SW[3]      ; HEX0[6]     ; 12.017 ; 12.017 ; 12.017 ; 12.017 ;
; SW[3]      ; HEX1[6]     ; 11.038 ; 11.038 ; 11.038 ; 11.038 ;
; SW[3]      ; LEDR[1]     ; 8.645  ; 8.645  ; 8.645  ; 8.645  ;
; SW[3]      ; LEDR[2]     ; 8.954  ; 8.954  ; 8.954  ; 8.954  ;
; SW[3]      ; LEDR[3]     ; 10.000 ; 10.000 ; 10.000 ; 10.000 ;
; SW[4]      ; HEX0[0]     ; 13.745 ; 13.745 ; 13.745 ; 13.745 ;
; SW[4]      ; HEX0[1]     ; 14.010 ; 14.010 ; 14.010 ; 14.010 ;
; SW[4]      ; HEX0[2]     ; 13.766 ; 13.766 ; 13.766 ; 13.766 ;
; SW[4]      ; HEX0[3]     ; 12.671 ; 12.671 ; 12.671 ; 12.671 ;
; SW[4]      ; HEX0[4]     ; 12.346 ; 12.346 ; 12.346 ; 12.346 ;
; SW[4]      ; HEX0[5]     ; 13.441 ; 13.441 ; 13.441 ; 13.441 ;
; SW[4]      ; HEX0[6]     ; 13.435 ; 13.435 ; 13.435 ; 13.435 ;
; SW[4]      ; HEX1[6]     ; 12.456 ; 12.456 ; 12.456 ; 12.456 ;
; SW[4]      ; LEDR[1]     ; 11.460 ; 11.460 ; 11.460 ; 11.460 ;
; SW[4]      ; LEDR[2]     ; 11.775 ; 11.377 ; 11.377 ; 11.775 ;
; SW[4]      ; LEDR[3]     ; 11.719 ; 11.719 ; 11.719 ; 11.719 ;
; SW[5]      ; HEX0[0]     ; 12.995 ; 12.995 ; 12.995 ; 12.995 ;
; SW[5]      ; HEX0[1]     ; 13.260 ; 13.260 ; 13.260 ; 13.260 ;
; SW[5]      ; HEX0[2]     ; 13.016 ; 13.016 ; 13.016 ; 13.016 ;
; SW[5]      ; HEX0[3]     ; 11.921 ; 11.921 ; 11.921 ; 11.921 ;
; SW[5]      ; HEX0[4]     ; 11.596 ; 11.596 ; 11.596 ; 11.596 ;
; SW[5]      ; HEX0[5]     ; 12.691 ; 12.691 ; 12.691 ; 12.691 ;
; SW[5]      ; HEX0[6]     ; 12.685 ; 12.685 ; 12.685 ; 12.685 ;
; SW[5]      ; HEX1[6]     ; 11.706 ; 11.706 ; 11.706 ; 11.706 ;
; SW[5]      ; LEDR[1]     ; 10.710 ; 10.710 ; 10.710 ; 10.710 ;
; SW[5]      ; LEDR[2]     ; 11.025 ;        ;        ; 11.025 ;
; SW[5]      ; LEDR[3]     ; 10.969 ; 10.969 ; 10.969 ; 10.969 ;
; SW[6]      ; HEX0[0]     ; 11.965 ; 11.965 ; 11.965 ; 11.965 ;
; SW[6]      ; HEX0[1]     ; 12.230 ; 12.230 ; 12.230 ; 12.230 ;
; SW[6]      ; HEX0[2]     ; 11.986 ; 11.986 ; 11.986 ; 11.986 ;
; SW[6]      ; HEX0[3]     ; 10.891 ; 10.891 ; 10.891 ; 10.891 ;
; SW[6]      ; HEX0[4]     ; 10.566 ; 10.566 ; 10.566 ; 10.566 ;
; SW[6]      ; HEX0[5]     ; 11.661 ; 11.661 ; 11.661 ; 11.661 ;
; SW[6]      ; HEX0[6]     ; 11.655 ; 11.655 ; 11.655 ; 11.655 ;
; SW[6]      ; HEX1[6]     ; 10.676 ; 10.676 ; 10.676 ; 10.676 ;
; SW[6]      ; LEDR[1]     ; 9.680  ; 9.680  ; 9.680  ; 9.680  ;
; SW[6]      ; LEDR[2]     ; 9.995  ;        ;        ; 9.995  ;
; SW[6]      ; LEDR[3]     ; 9.939  ; 9.939  ; 9.939  ; 9.939  ;
; SW[7]      ; HEX0[0]     ; 12.280 ; 12.280 ; 12.280 ; 12.280 ;
; SW[7]      ; HEX0[1]     ; 12.545 ; 12.545 ; 12.545 ; 12.545 ;
; SW[7]      ; HEX0[2]     ; 12.301 ; 12.301 ; 12.301 ; 12.301 ;
; SW[7]      ; HEX0[5]     ; 11.976 ; 11.976 ; 11.976 ; 11.976 ;
; SW[7]      ; HEX0[6]     ; 11.970 ; 11.970 ; 11.970 ; 11.970 ;
; SW[7]      ; HEX1[6]     ; 10.991 ; 10.991 ; 10.991 ; 10.991 ;
; SW[7]      ; LEDR[1]     ; 8.783  ; 8.783  ; 8.783  ; 8.783  ;
; SW[7]      ; LEDR[2]     ; 9.090  ;        ;        ; 9.090  ;
; SW[7]      ; LEDR[3]     ; 9.943  ; 9.943  ; 9.943  ; 9.943  ;
; SW[8]      ; HEX0[0]     ; 14.397 ; 14.397 ; 14.397 ; 14.397 ;
; SW[8]      ; HEX0[1]     ; 14.662 ; 14.662 ; 14.662 ; 14.662 ;
; SW[8]      ; HEX0[2]     ; 14.418 ; 14.418 ; 14.418 ; 14.418 ;
; SW[8]      ; HEX0[3]     ; 13.323 ; 13.323 ; 13.323 ; 13.323 ;
; SW[8]      ; HEX0[4]     ; 12.998 ; 12.998 ; 12.998 ; 12.998 ;
; SW[8]      ; HEX0[5]     ; 14.093 ; 14.093 ; 14.093 ; 14.093 ;
; SW[8]      ; HEX0[6]     ; 14.087 ; 14.087 ; 14.087 ; 14.087 ;
; SW[8]      ; HEX1[6]     ; 13.108 ; 13.108 ; 13.108 ; 13.108 ;
; SW[8]      ; LEDR[1]     ; 12.112 ; 12.112 ; 12.112 ; 12.112 ;
; SW[8]      ; LEDR[2]     ; 12.427 ; 12.427 ; 12.427 ; 12.427 ;
; SW[8]      ; LEDR[3]     ; 12.371 ; 12.371 ; 12.371 ; 12.371 ;
+------------+-------------+--------+--------+--------+--------+


+--------------------------------------------------------------+
; Minimum Propagation Delay                                    ;
+------------+-------------+--------+--------+--------+--------+
; Input Port ; Output Port ; RR     ; RF     ; FR     ; FF     ;
+------------+-------------+--------+--------+--------+--------+
; SW[0]      ; HEX0[0]     ; 9.468  ; 9.468  ; 9.468  ; 9.468  ;
; SW[0]      ; HEX0[1]     ; 9.733  ; 9.733  ; 9.733  ; 9.733  ;
; SW[0]      ; HEX0[2]     ; 9.487  ; 9.487  ; 9.487  ; 9.487  ;
; SW[0]      ; HEX0[3]     ; 9.488  ; 9.488  ; 9.488  ; 9.488  ;
; SW[0]      ; HEX0[4]     ; 9.164  ; 9.164  ; 9.164  ; 9.164  ;
; SW[0]      ; HEX0[5]     ; 9.162  ; 9.162  ; 9.162  ; 9.162  ;
; SW[0]      ; HEX0[6]     ; 9.160  ; 9.160  ; 9.160  ; 9.160  ;
; SW[0]      ; HEX1[6]     ; 12.296 ; 12.296 ; 12.296 ; 12.296 ;
; SW[0]      ; LEDR[1]     ; 11.300 ; 11.300 ; 11.300 ; 11.300 ;
; SW[0]      ; LEDR[2]     ; 11.615 ; 11.615 ; 11.615 ; 11.615 ;
; SW[0]      ; LEDR[3]     ; 9.592  ; 9.592  ; 9.592  ; 9.592  ;
; SW[1]      ; HEX0[0]     ; 10.886 ; 10.886 ; 10.886 ; 10.886 ;
; SW[1]      ; HEX0[1]     ; 11.183 ; 11.183 ; 11.183 ; 11.183 ;
; SW[1]      ; HEX0[2]     ; 10.937 ; 10.937 ; 10.937 ; 10.937 ;
; SW[1]      ; HEX0[3]     ; 10.907 ; 10.907 ; 10.907 ; 10.907 ;
; SW[1]      ; HEX0[4]     ; 10.573 ; 10.573 ; 10.573 ; 10.573 ;
; SW[1]      ; HEX0[5]     ; 10.607 ; 10.607 ; 10.607 ; 10.607 ;
; SW[1]      ; HEX0[6]     ; 10.613 ; 10.613 ; 10.613 ; 10.613 ;
; SW[1]      ; HEX1[6]     ; 12.442 ; 12.442 ; 12.442 ; 12.442 ;
; SW[1]      ; LEDR[1]     ; 11.446 ; 11.446 ; 11.446 ; 11.446 ;
; SW[1]      ; LEDR[2]     ; 11.761 ; 11.761 ; 11.761 ; 11.761 ;
; SW[1]      ; LEDR[3]     ; 10.961 ; 10.961 ; 10.961 ; 10.961 ;
; SW[2]      ; HEX0[0]     ; 10.562 ; 10.562 ; 10.562 ; 10.562 ;
; SW[2]      ; HEX0[1]     ; 10.832 ; 10.832 ; 10.832 ; 10.832 ;
; SW[2]      ; HEX0[2]     ; 10.586 ; 10.586 ; 10.586 ; 10.586 ;
; SW[2]      ; HEX0[3]     ; 10.582 ; 10.582 ; 10.582 ; 10.582 ;
; SW[2]      ; HEX0[4]     ; 10.257 ; 10.257 ; 10.257 ; 10.257 ;
; SW[2]      ; HEX0[5]     ; 10.260 ; 10.260 ; 10.260 ; 10.260 ;
; SW[2]      ; HEX0[6]     ; 10.259 ; 10.259 ; 10.259 ; 10.259 ;
; SW[2]      ; HEX1[6]     ; 10.368 ; 10.368 ; 10.368 ; 10.368 ;
; SW[2]      ; LEDR[1]     ; 9.372  ; 9.372  ; 9.372  ; 9.372  ;
; SW[2]      ; LEDR[2]     ; 9.687  ; 9.687  ; 9.687  ; 9.687  ;
; SW[2]      ; LEDR[3]     ; 9.589  ; 9.589  ; 9.589  ; 9.589  ;
; SW[3]      ; HEX0[0]     ; 12.327 ; 12.327 ; 12.327 ; 12.327 ;
; SW[3]      ; HEX0[1]     ; 12.592 ; 12.592 ; 12.592 ; 12.592 ;
; SW[3]      ; HEX0[2]     ; 12.348 ; 12.348 ; 12.348 ; 12.348 ;
; SW[3]      ; HEX0[5]     ; 12.023 ; 12.023 ; 12.023 ; 12.023 ;
; SW[3]      ; HEX0[6]     ; 12.017 ; 12.017 ; 12.017 ; 12.017 ;
; SW[3]      ; HEX1[6]     ; 11.038 ; 11.038 ; 11.038 ; 11.038 ;
; SW[3]      ; LEDR[1]     ; 8.645  ; 8.645  ; 8.645  ; 8.645  ;
; SW[3]      ; LEDR[2]     ; 8.954  ; 8.954  ; 8.954  ; 8.954  ;
; SW[3]      ; LEDR[3]     ; 10.000 ; 10.000 ; 10.000 ; 10.000 ;
; SW[4]      ; HEX0[0]     ; 9.432  ; 9.432  ; 9.432  ; 9.432  ;
; SW[4]      ; HEX0[1]     ; 9.697  ; 9.697  ; 9.697  ; 9.697  ;
; SW[4]      ; HEX0[2]     ; 9.451  ; 9.451  ; 9.451  ; 9.451  ;
; SW[4]      ; HEX0[3]     ; 9.452  ; 9.452  ; 9.452  ; 9.452  ;
; SW[4]      ; HEX0[4]     ; 9.128  ; 9.128  ; 9.128  ; 9.128  ;
; SW[4]      ; HEX0[5]     ; 9.126  ; 9.126  ; 9.126  ; 9.126  ;
; SW[4]      ; HEX0[6]     ; 9.124  ; 9.124  ; 9.124  ; 9.124  ;
; SW[4]      ; HEX1[6]     ; 12.058 ; 12.058 ; 12.058 ; 12.058 ;
; SW[4]      ; LEDR[1]     ; 11.062 ; 11.062 ; 11.062 ; 11.062 ;
; SW[4]      ; LEDR[2]     ; 11.377 ; 11.377 ; 11.377 ; 11.377 ;
; SW[4]      ; LEDR[3]     ; 9.356  ; 9.356  ; 9.356  ; 9.356  ;
; SW[5]      ; HEX0[0]     ; 10.149 ; 10.149 ; 10.149 ; 10.149 ;
; SW[5]      ; HEX0[1]     ; 10.446 ; 10.446 ; 10.446 ; 10.446 ;
; SW[5]      ; HEX0[2]     ; 10.200 ; 10.200 ; 10.200 ; 10.200 ;
; SW[5]      ; HEX0[3]     ; 10.170 ; 10.170 ; 10.170 ; 10.170 ;
; SW[5]      ; HEX0[4]     ; 9.836  ; 9.836  ; 9.836  ; 9.836  ;
; SW[5]      ; HEX0[5]     ; 9.870  ; 9.870  ; 9.870  ; 9.870  ;
; SW[5]      ; HEX0[6]     ; 9.876  ; 9.876  ; 9.876  ; 9.876  ;
; SW[5]      ; HEX1[6]     ; 11.706 ; 11.706 ; 11.706 ; 11.706 ;
; SW[5]      ; LEDR[1]     ; 10.710 ; 10.710 ; 10.710 ; 10.710 ;
; SW[5]      ; LEDR[2]     ; 11.025 ;        ;        ; 11.025 ;
; SW[5]      ; LEDR[3]     ; 10.224 ; 10.224 ; 10.224 ; 10.224 ;
; SW[6]      ; HEX0[0]     ; 10.871 ; 10.871 ; 10.871 ; 10.871 ;
; SW[6]      ; HEX0[1]     ; 11.141 ; 11.141 ; 11.141 ; 11.141 ;
; SW[6]      ; HEX0[2]     ; 10.895 ; 10.895 ; 10.895 ; 10.895 ;
; SW[6]      ; HEX0[3]     ; 10.891 ; 10.891 ; 10.891 ; 10.891 ;
; SW[6]      ; HEX0[4]     ; 10.566 ; 10.566 ; 10.566 ; 10.566 ;
; SW[6]      ; HEX0[5]     ; 10.569 ; 10.569 ; 10.569 ; 10.569 ;
; SW[6]      ; HEX0[6]     ; 10.568 ; 10.568 ; 10.568 ; 10.568 ;
; SW[6]      ; HEX1[6]     ; 10.676 ; 10.676 ; 10.676 ; 10.676 ;
; SW[6]      ; LEDR[1]     ; 9.680  ; 9.680  ; 9.680  ; 9.680  ;
; SW[6]      ; LEDR[2]     ; 9.995  ;        ;        ; 9.995  ;
; SW[6]      ; LEDR[3]     ; 9.898  ; 9.898  ; 9.898  ; 9.898  ;
; SW[7]      ; HEX0[0]     ; 12.280 ; 12.280 ; 12.280 ; 12.280 ;
; SW[7]      ; HEX0[1]     ; 12.545 ; 12.545 ; 12.545 ; 12.545 ;
; SW[7]      ; HEX0[2]     ; 12.301 ; 12.301 ; 12.301 ; 12.301 ;
; SW[7]      ; HEX0[5]     ; 11.976 ; 11.976 ; 11.976 ; 11.976 ;
; SW[7]      ; HEX0[6]     ; 11.970 ; 11.970 ; 11.970 ; 11.970 ;
; SW[7]      ; HEX1[6]     ; 10.991 ; 10.991 ; 10.991 ; 10.991 ;
; SW[7]      ; LEDR[1]     ; 8.783  ; 8.783  ; 8.783  ; 8.783  ;
; SW[7]      ; LEDR[2]     ; 9.090  ;        ;        ; 9.090  ;
; SW[7]      ; LEDR[3]     ; 9.943  ; 9.943  ; 9.943  ; 9.943  ;
; SW[8]      ; HEX0[0]     ; 10.755 ; 10.755 ; 10.755 ; 10.755 ;
; SW[8]      ; HEX0[1]     ; 11.025 ; 11.025 ; 11.025 ; 11.025 ;
; SW[8]      ; HEX0[2]     ; 10.779 ; 10.779 ; 10.779 ; 10.779 ;
; SW[8]      ; HEX0[3]     ; 10.775 ; 10.775 ; 10.775 ; 10.775 ;
; SW[8]      ; HEX0[4]     ; 10.450 ; 10.450 ; 10.450 ; 10.450 ;
; SW[8]      ; HEX0[5]     ; 10.453 ; 10.453 ; 10.453 ; 10.453 ;
; SW[8]      ; HEX0[6]     ; 10.452 ; 10.452 ; 10.452 ; 10.452 ;
; SW[8]      ; HEX1[6]     ; 10.564 ; 10.564 ; 10.564 ; 10.564 ;
; SW[8]      ; LEDR[1]     ; 8.792  ; 8.792  ; 8.792  ; 8.792  ;
; SW[8]      ; LEDR[2]     ; 9.098  ; 9.098  ; 9.098  ; 9.098  ;
; SW[8]      ; LEDR[3]     ; 9.782  ; 9.782  ; 9.782  ; 9.782  ;
+------------+-------------+--------+--------+--------+--------+


----------------------------
; Fast Model Setup Summary ;
----------------------------
No paths to report.


---------------------------
; Fast Model Hold Summary ;
---------------------------
No paths to report.


-------------------------------
; Fast Model Recovery Summary ;
-------------------------------
No paths to report.


------------------------------
; Fast Model Removal Summary ;
------------------------------
No paths to report.


+----------------------------------------+
; Fast Model Minimum Pulse Width Summary ;
+-------+--------+-----------------------+
; Clock ; Slack  ; End Point TNS         ;
+-------+--------+-----------------------+
; SW[9] ; -1.380 ; -1.380                ;
+-------+--------+-----------------------+


+---------------------------------------------------------------------------------------------------------+
; Fast Model Minimum Pulse Width: 'SW[9]'                                                                 ;
+--------+--------------+----------------+------------------+-------+------------+------------------------+
; Slack  ; Actual Width ; Required Width ; Type             ; Clock ; Clock Edge ; Target                 ;
+--------+--------------+----------------+------------------+-------+------------+------------------------+
; -1.380 ; 1.000        ; 2.380          ; Port Rate        ; SW[9] ; Rise       ; SW[9]                  ;
; 0.500  ; 0.500        ; 0.000          ; High Pulse Width ; SW[9] ; Rise       ; SW[9]|combout          ;
; 0.500  ; 0.500        ; 0.000          ; Low Pulse Width  ; SW[9] ; Rise       ; SW[9]|combout          ;
; 0.500  ; 0.500        ; 0.000          ; High Pulse Width ; SW[9] ; Rise       ; SW[9]~clkctrl|inclk[0] ;
; 0.500  ; 0.500        ; 0.000          ; Low Pulse Width  ; SW[9] ; Rise       ; SW[9]~clkctrl|inclk[0] ;
; 0.500  ; 0.500        ; 0.000          ; High Pulse Width ; SW[9] ; Rise       ; SW[9]~clkctrl|outclk   ;
; 0.500  ; 0.500        ; 0.000          ; Low Pulse Width  ; SW[9] ; Rise       ; SW[9]~clkctrl|outclk   ;
; 0.500  ; 0.500        ; 0.000          ; High Pulse Width ; SW[9] ; Rise       ; alu:al|n               ;
; 0.500  ; 0.500        ; 0.000          ; Low Pulse Width  ; SW[9] ; Rise       ; alu:al|n               ;
; 0.500  ; 0.500        ; 0.000          ; High Pulse Width ; SW[9] ; Fall       ; alu:al|tmp2[0]         ;
; 0.500  ; 0.500        ; 0.000          ; Low Pulse Width  ; SW[9] ; Fall       ; alu:al|tmp2[0]         ;
; 0.500  ; 0.500        ; 0.000          ; High Pulse Width ; SW[9] ; Fall       ; alu:al|tmp2[1]         ;
; 0.500  ; 0.500        ; 0.000          ; Low Pulse Width  ; SW[9] ; Fall       ; alu:al|tmp2[1]         ;
; 0.500  ; 0.500        ; 0.000          ; High Pulse Width ; SW[9] ; Fall       ; alu:al|tmp2[2]         ;
; 0.500  ; 0.500        ; 0.000          ; Low Pulse Width  ; SW[9] ; Fall       ; alu:al|tmp2[2]         ;
; 0.500  ; 0.500        ; 0.000          ; High Pulse Width ; SW[9] ; Fall       ; alu:al|tmp2[3]         ;
; 0.500  ; 0.500        ; 0.000          ; Low Pulse Width  ; SW[9] ; Fall       ; alu:al|tmp2[3]         ;
; 0.500  ; 0.500        ; 0.000          ; High Pulse Width ; SW[9] ; Rise       ; al|n|datad             ;
; 0.500  ; 0.500        ; 0.000          ; Low Pulse Width  ; SW[9] ; Rise       ; al|n|datad             ;
; 0.500  ; 0.500        ; 0.000          ; High Pulse Width ; SW[9] ; Rise       ; al|tmp2[0]|datad       ;
; 0.500  ; 0.500        ; 0.000          ; Low Pulse Width  ; SW[9] ; Rise       ; al|tmp2[0]|datad       ;
; 0.500  ; 0.500        ; 0.000          ; High Pulse Width ; SW[9] ; Rise       ; al|tmp2[1]|datac       ;
; 0.500  ; 0.500        ; 0.000          ; Low Pulse Width  ; SW[9] ; Rise       ; al|tmp2[1]|datac       ;
; 0.500  ; 0.500        ; 0.000          ; High Pulse Width ; SW[9] ; Rise       ; al|tmp2[2]|datad       ;
; 0.500  ; 0.500        ; 0.000          ; Low Pulse Width  ; SW[9] ; Rise       ; al|tmp2[2]|datad       ;
; 0.500  ; 0.500        ; 0.000          ; High Pulse Width ; SW[9] ; Rise       ; al|tmp2[3]|datad       ;
; 0.500  ; 0.500        ; 0.000          ; Low Pulse Width  ; SW[9] ; Rise       ; al|tmp2[3]|datad       ;
+--------+--------------+----------------+------------------+-------+------------+------------------------+


+-----------------------------------------------------------------------+
; Setup Times                                                           ;
+-----------+------------+-------+-------+------------+-----------------+
; Data Port ; Clock Port ; Rise  ; Fall  ; Clock Edge ; Clock Reference ;
+-----------+------------+-------+-------+------------+-----------------+
; SW[*]     ; SW[9]      ; 1.581 ; 1.581 ; Rise       ; SW[9]           ;
;  SW[0]    ; SW[9]      ; 1.426 ; 1.426 ; Rise       ; SW[9]           ;
;  SW[1]    ; SW[9]      ; 1.308 ; 1.308 ; Rise       ; SW[9]           ;
;  SW[2]    ; SW[9]      ; 0.595 ; 0.595 ; Rise       ; SW[9]           ;
;  SW[3]    ; SW[9]      ; 0.308 ; 0.308 ; Rise       ; SW[9]           ;
;  SW[4]    ; SW[9]      ; 1.374 ; 1.374 ; Rise       ; SW[9]           ;
;  SW[5]    ; SW[9]      ; 1.109 ; 1.109 ; Rise       ; SW[9]           ;
;  SW[6]    ; SW[9]      ; 0.672 ; 0.672 ; Rise       ; SW[9]           ;
;  SW[7]    ; SW[9]      ; 0.354 ; 0.354 ; Rise       ; SW[9]           ;
;  SW[8]    ; SW[9]      ; 1.581 ; 1.581 ; Rise       ; SW[9]           ;
; SW[*]     ; SW[9]      ; 0.396 ; 0.396 ; Fall       ; SW[9]           ;
;  SW[0]    ; SW[9]      ; 0.242 ; 0.242 ; Fall       ; SW[9]           ;
;  SW[1]    ; SW[9]      ; 0.074 ; 0.074 ; Fall       ; SW[9]           ;
;  SW[2]    ; SW[9]      ; 0.215 ; 0.215 ; Fall       ; SW[9]           ;
;  SW[3]    ; SW[9]      ; 0.302 ; 0.302 ; Fall       ; SW[9]           ;
;  SW[4]    ; SW[9]      ; 0.165 ; 0.165 ; Fall       ; SW[9]           ;
;  SW[5]    ; SW[9]      ; 0.160 ; 0.160 ; Fall       ; SW[9]           ;
;  SW[6]    ; SW[9]      ; 0.292 ; 0.292 ; Fall       ; SW[9]           ;
;  SW[7]    ; SW[9]      ; 0.268 ; 0.268 ; Fall       ; SW[9]           ;
;  SW[8]    ; SW[9]      ; 0.396 ; 0.396 ; Fall       ; SW[9]           ;
+-----------+------------+-------+-------+------------+-----------------+


+-------------------------------------------------------------------------+
; Hold Times                                                              ;
+-----------+------------+--------+--------+------------+-----------------+
; Data Port ; Clock Port ; Rise   ; Fall   ; Clock Edge ; Clock Reference ;
+-----------+------------+--------+--------+------------+-----------------+
; SW[*]     ; SW[9]      ; 0.056  ; 0.056  ; Rise       ; SW[9]           ;
;  SW[0]    ; SW[9]      ; -0.933 ; -0.933 ; Rise       ; SW[9]           ;
;  SW[1]    ; SW[9]      ; -0.944 ; -0.944 ; Rise       ; SW[9]           ;
;  SW[2]    ; SW[9]      ; -0.231 ; -0.231 ; Rise       ; SW[9]           ;
;  SW[3]    ; SW[9]      ; 0.056  ; 0.056  ; Rise       ; SW[9]           ;
;  SW[4]    ; SW[9]      ; -0.852 ; -0.852 ; Rise       ; SW[9]           ;
;  SW[5]    ; SW[9]      ; -0.745 ; -0.745 ; Rise       ; SW[9]           ;
;  SW[6]    ; SW[9]      ; -0.308 ; -0.308 ; Rise       ; SW[9]           ;
;  SW[7]    ; SW[9]      ; 0.010  ; 0.010  ; Rise       ; SW[9]           ;
;  SW[8]    ; SW[9]      ; -0.003 ; -0.003 ; Rise       ; SW[9]           ;
; SW[*]     ; SW[9]      ; 0.202  ; 0.202  ; Fall       ; SW[9]           ;
;  SW[0]    ; SW[9]      ; 0.035  ; 0.035  ; Fall       ; SW[9]           ;
;  SW[1]    ; SW[9]      ; 0.202  ; 0.202  ; Fall       ; SW[9]           ;
;  SW[2]    ; SW[9]      ; 0.064  ; 0.064  ; Fall       ; SW[9]           ;
;  SW[3]    ; SW[9]      ; 0.046  ; 0.046  ; Fall       ; SW[9]           ;
;  SW[4]    ; SW[9]      ; 0.112  ; 0.112  ; Fall       ; SW[9]           ;
;  SW[5]    ; SW[9]      ; 0.116  ; 0.116  ; Fall       ; SW[9]           ;
;  SW[6]    ; SW[9]      ; -0.013 ; -0.013 ; Fall       ; SW[9]           ;
;  SW[7]    ; SW[9]      ; 0.080  ; 0.080  ; Fall       ; SW[9]           ;
;  SW[8]    ; SW[9]      ; 0.074  ; 0.074  ; Fall       ; SW[9]           ;
+-----------+------------+--------+--------+------------+-----------------+


+-----------------------------------------------------------------------+
; Clock to Output Times                                                 ;
+-----------+------------+-------+-------+------------+-----------------+
; Data Port ; Clock Port ; Rise  ; Fall  ; Clock Edge ; Clock Reference ;
+-----------+------------+-------+-------+------------+-----------------+
; HEX0[*]   ; SW[9]      ; 5.312 ; 5.312 ; Rise       ; SW[9]           ;
;  HEX0[0]  ; SW[9]      ; 5.202 ; 5.202 ; Rise       ; SW[9]           ;
;  HEX0[1]  ; SW[9]      ; 5.312 ; 5.312 ; Rise       ; SW[9]           ;
;  HEX0[2]  ; SW[9]      ; 5.225 ; 5.225 ; Rise       ; SW[9]           ;
;  HEX0[3]  ; SW[9]      ; 4.477 ; 4.477 ; Rise       ; SW[9]           ;
;  HEX0[4]  ; SW[9]      ; 4.365 ; 4.365 ; Rise       ; SW[9]           ;
;  HEX0[5]  ; SW[9]      ; 5.111 ; 5.111 ; Rise       ; SW[9]           ;
;  HEX0[6]  ; SW[9]      ; 5.105 ; 5.105 ; Rise       ; SW[9]           ;
; HEX1[*]   ; SW[9]      ; 4.744 ; 4.744 ; Rise       ; SW[9]           ;
;  HEX1[6]  ; SW[9]      ; 4.744 ; 4.744 ; Rise       ; SW[9]           ;
; LEDR[*]   ; SW[9]      ; 4.490 ; 4.490 ; Rise       ; SW[9]           ;
;  LEDR[0]  ; SW[9]      ; 4.210 ; 4.210 ; Rise       ; SW[9]           ;
;  LEDR[3]  ; SW[9]      ; 4.490 ; 4.490 ; Rise       ; SW[9]           ;
; HEX0[*]   ; SW[9]      ; 5.750 ; 5.750 ; Fall       ; SW[9]           ;
;  HEX0[0]  ; SW[9]      ; 5.640 ; 5.640 ; Fall       ; SW[9]           ;
;  HEX0[1]  ; SW[9]      ; 5.750 ; 5.750 ; Fall       ; SW[9]           ;
;  HEX0[2]  ; SW[9]      ; 5.663 ; 5.663 ; Fall       ; SW[9]           ;
;  HEX0[3]  ; SW[9]      ; 4.990 ; 4.990 ; Fall       ; SW[9]           ;
;  HEX0[4]  ; SW[9]      ; 4.878 ; 4.878 ; Fall       ; SW[9]           ;
;  HEX0[5]  ; SW[9]      ; 5.549 ; 5.549 ; Fall       ; SW[9]           ;
;  HEX0[6]  ; SW[9]      ; 5.543 ; 5.543 ; Fall       ; SW[9]           ;
; HEX1[*]   ; SW[9]      ; 5.182 ; 5.182 ; Fall       ; SW[9]           ;
;  HEX1[6]  ; SW[9]      ; 5.182 ; 5.182 ; Fall       ; SW[9]           ;
; LEDR[*]   ; SW[9]      ; 4.842 ; 4.842 ; Fall       ; SW[9]           ;
;  LEDR[3]  ; SW[9]      ; 4.842 ; 4.842 ; Fall       ; SW[9]           ;
+-----------+------------+-------+-------+------------+-----------------+


+-----------------------------------------------------------------------+
; Minimum Clock to Output Times                                         ;
+-----------+------------+-------+-------+------------+-----------------+
; Data Port ; Clock Port ; Rise  ; Fall  ; Clock Edge ; Clock Reference ;
+-----------+------------+-------+-------+------------+-----------------+
; HEX0[*]   ; SW[9]      ; 4.270 ; 4.270 ; Rise       ; SW[9]           ;
;  HEX0[0]  ; SW[9]      ; 4.365 ; 4.365 ; Rise       ; SW[9]           ;
;  HEX0[1]  ; SW[9]      ; 4.475 ; 4.475 ; Rise       ; SW[9]           ;
;  HEX0[2]  ; SW[9]      ; 4.386 ; 4.386 ; Rise       ; SW[9]           ;
;  HEX0[3]  ; SW[9]      ; 4.385 ; 4.385 ; Rise       ; SW[9]           ;
;  HEX0[4]  ; SW[9]      ; 4.274 ; 4.274 ; Rise       ; SW[9]           ;
;  HEX0[5]  ; SW[9]      ; 4.272 ; 4.272 ; Rise       ; SW[9]           ;
;  HEX0[6]  ; SW[9]      ; 4.270 ; 4.270 ; Rise       ; SW[9]           ;
; HEX1[*]   ; SW[9]      ; 4.744 ; 4.744 ; Rise       ; SW[9]           ;
;  HEX1[6]  ; SW[9]      ; 4.744 ; 4.744 ; Rise       ; SW[9]           ;
; LEDR[*]   ; SW[9]      ; 4.210 ; 4.210 ; Rise       ; SW[9]           ;
;  LEDR[0]  ; SW[9]      ; 4.210 ; 4.210 ; Rise       ; SW[9]           ;
;  LEDR[3]  ; SW[9]      ; 4.464 ; 4.464 ; Rise       ; SW[9]           ;
; HEX0[*]   ; SW[9]      ; 4.270 ; 4.270 ; Fall       ; SW[9]           ;
;  HEX0[0]  ; SW[9]      ; 4.365 ; 4.365 ; Fall       ; SW[9]           ;
;  HEX0[1]  ; SW[9]      ; 4.475 ; 4.475 ; Fall       ; SW[9]           ;
;  HEX0[2]  ; SW[9]      ; 4.386 ; 4.386 ; Fall       ; SW[9]           ;
;  HEX0[3]  ; SW[9]      ; 4.385 ; 4.385 ; Fall       ; SW[9]           ;
;  HEX0[4]  ; SW[9]      ; 4.274 ; 4.274 ; Fall       ; SW[9]           ;
;  HEX0[5]  ; SW[9]      ; 4.272 ; 4.272 ; Fall       ; SW[9]           ;
;  HEX0[6]  ; SW[9]      ; 4.270 ; 4.270 ; Fall       ; SW[9]           ;
; HEX1[*]   ; SW[9]      ; 4.744 ; 4.744 ; Fall       ; SW[9]           ;
;  HEX1[6]  ; SW[9]      ; 4.744 ; 4.744 ; Fall       ; SW[9]           ;
; LEDR[*]   ; SW[9]      ; 4.394 ; 4.394 ; Fall       ; SW[9]           ;
;  LEDR[3]  ; SW[9]      ; 4.394 ; 4.394 ; Fall       ; SW[9]           ;
+-----------+------------+-------+-------+------------+-----------------+


+----------------------------------------------------------+
; Propagation Delay                                        ;
+------------+-------------+-------+-------+-------+-------+
; Input Port ; Output Port ; RR    ; RF    ; FR    ; FF    ;
+------------+-------------+-------+-------+-------+-------+
; SW[0]      ; HEX0[0]     ; 6.011 ; 6.011 ; 6.011 ; 6.011 ;
; SW[0]      ; HEX0[1]     ; 6.121 ; 6.121 ; 6.121 ; 6.121 ;
; SW[0]      ; HEX0[2]     ; 6.034 ; 6.034 ; 6.034 ; 6.034 ;
; SW[0]      ; HEX0[3]     ; 5.405 ; 5.405 ; 5.405 ; 5.405 ;
; SW[0]      ; HEX0[4]     ; 5.293 ; 5.293 ; 5.293 ; 5.293 ;
; SW[0]      ; HEX0[5]     ; 5.920 ; 5.920 ; 5.920 ; 5.920 ;
; SW[0]      ; HEX0[6]     ; 5.914 ; 5.914 ; 5.914 ; 5.914 ;
; SW[0]      ; HEX1[6]     ; 5.553 ; 5.553 ; 5.553 ; 5.553 ;
; SW[0]      ; LEDR[1]     ; 4.940 ; 4.940 ; 4.940 ; 4.940 ;
; SW[0]      ; LEDR[2]     ; 5.110 ; 5.110 ; 5.110 ; 5.110 ;
; SW[0]      ; LEDR[3]     ; 5.186 ; 5.186 ; 5.186 ; 5.186 ;
; SW[1]      ; HEX0[0]     ; 5.893 ; 5.893 ; 5.893 ; 5.893 ;
; SW[1]      ; HEX0[1]     ; 6.003 ; 6.003 ; 6.003 ; 6.003 ;
; SW[1]      ; HEX0[2]     ; 5.916 ; 5.916 ; 5.916 ; 5.916 ;
; SW[1]      ; HEX0[3]     ; 5.287 ; 5.287 ; 5.287 ; 5.287 ;
; SW[1]      ; HEX0[4]     ; 5.175 ; 5.175 ; 5.175 ; 5.175 ;
; SW[1]      ; HEX0[5]     ; 5.802 ; 5.802 ; 5.802 ; 5.802 ;
; SW[1]      ; HEX0[6]     ; 5.796 ; 5.796 ; 5.796 ; 5.796 ;
; SW[1]      ; HEX1[6]     ; 5.435 ; 5.435 ; 5.435 ; 5.435 ;
; SW[1]      ; LEDR[1]     ; 4.822 ; 4.822 ; 4.822 ; 4.822 ;
; SW[1]      ; LEDR[2]     ; 4.992 ; 4.992 ; 4.992 ; 4.992 ;
; SW[1]      ; LEDR[3]     ; 5.068 ; 5.068 ; 5.068 ; 5.068 ;
; SW[2]      ; HEX0[0]     ; 5.180 ; 5.180 ; 5.180 ; 5.180 ;
; SW[2]      ; HEX0[1]     ; 5.290 ; 5.290 ; 5.290 ; 5.290 ;
; SW[2]      ; HEX0[2]     ; 5.203 ; 5.203 ; 5.203 ; 5.203 ;
; SW[2]      ; HEX0[3]     ; 4.577 ; 4.577 ; 4.577 ; 4.577 ;
; SW[2]      ; HEX0[4]     ; 4.465 ; 4.465 ; 4.465 ; 4.465 ;
; SW[2]      ; HEX0[5]     ; 5.089 ; 5.089 ; 5.089 ; 5.089 ;
; SW[2]      ; HEX0[6]     ; 5.083 ; 5.083 ; 5.083 ; 5.083 ;
; SW[2]      ; HEX1[6]     ; 4.722 ; 4.722 ; 4.722 ; 4.722 ;
; SW[2]      ; LEDR[1]     ; 4.109 ; 4.109 ; 4.109 ; 4.109 ;
; SW[2]      ; LEDR[2]     ; 4.279 ; 4.279 ; 4.279 ; 4.279 ;
; SW[2]      ; LEDR[3]     ; 4.355 ; 4.355 ; 4.355 ; 4.355 ;
; SW[3]      ; HEX0[0]     ; 5.372 ; 5.372 ; 5.372 ; 5.372 ;
; SW[3]      ; HEX0[1]     ; 5.482 ; 5.482 ; 5.482 ; 5.482 ;
; SW[3]      ; HEX0[2]     ; 5.395 ; 5.395 ; 5.395 ; 5.395 ;
; SW[3]      ; HEX0[5]     ; 5.281 ; 5.281 ; 5.281 ; 5.281 ;
; SW[3]      ; HEX0[6]     ; 5.275 ; 5.275 ; 5.275 ; 5.275 ;
; SW[3]      ; HEX1[6]     ; 4.914 ; 4.914 ; 4.914 ; 4.914 ;
; SW[3]      ; LEDR[1]     ; 3.819 ; 3.819 ; 3.819 ; 3.819 ;
; SW[3]      ; LEDR[2]     ; 3.990 ; 3.990 ; 3.990 ; 3.990 ;
; SW[3]      ; LEDR[3]     ; 4.469 ; 4.469 ; 4.469 ; 4.469 ;
; SW[4]      ; HEX0[0]     ; 5.959 ; 5.959 ; 5.959 ; 5.959 ;
; SW[4]      ; HEX0[1]     ; 6.069 ; 6.069 ; 6.069 ; 6.069 ;
; SW[4]      ; HEX0[2]     ; 5.982 ; 5.982 ; 5.982 ; 5.982 ;
; SW[4]      ; HEX0[3]     ; 5.353 ; 5.353 ; 5.353 ; 5.353 ;
; SW[4]      ; HEX0[4]     ; 5.241 ; 5.241 ; 5.241 ; 5.241 ;
; SW[4]      ; HEX0[5]     ; 5.868 ; 5.868 ; 5.868 ; 5.868 ;
; SW[4]      ; HEX0[6]     ; 5.862 ; 5.862 ; 5.862 ; 5.862 ;
; SW[4]      ; HEX1[6]     ; 5.501 ; 5.501 ; 5.501 ; 5.501 ;
; SW[4]      ; LEDR[1]     ; 4.888 ; 4.888 ; 4.888 ; 4.888 ;
; SW[4]      ; LEDR[2]     ; 5.058 ; 4.900 ; 4.900 ; 5.058 ;
; SW[4]      ; LEDR[3]     ; 5.134 ; 5.134 ; 5.134 ; 5.134 ;
; SW[5]      ; HEX0[0]     ; 5.694 ; 5.694 ; 5.694 ; 5.694 ;
; SW[5]      ; HEX0[1]     ; 5.804 ; 5.804 ; 5.804 ; 5.804 ;
; SW[5]      ; HEX0[2]     ; 5.717 ; 5.717 ; 5.717 ; 5.717 ;
; SW[5]      ; HEX0[3]     ; 5.088 ; 5.088 ; 5.088 ; 5.088 ;
; SW[5]      ; HEX0[4]     ; 4.976 ; 4.976 ; 4.976 ; 4.976 ;
; SW[5]      ; HEX0[5]     ; 5.603 ; 5.603 ; 5.603 ; 5.603 ;
; SW[5]      ; HEX0[6]     ; 5.597 ; 5.597 ; 5.597 ; 5.597 ;
; SW[5]      ; HEX1[6]     ; 5.236 ; 5.236 ; 5.236 ; 5.236 ;
; SW[5]      ; LEDR[1]     ; 4.623 ; 4.623 ; 4.623 ; 4.623 ;
; SW[5]      ; LEDR[2]     ; 4.793 ;       ;       ; 4.793 ;
; SW[5]      ; LEDR[3]     ; 4.869 ; 4.869 ; 4.869 ; 4.869 ;
; SW[6]      ; HEX0[0]     ; 5.257 ; 5.257 ; 5.257 ; 5.257 ;
; SW[6]      ; HEX0[1]     ; 5.367 ; 5.367 ; 5.367 ; 5.367 ;
; SW[6]      ; HEX0[2]     ; 5.280 ; 5.280 ; 5.280 ; 5.280 ;
; SW[6]      ; HEX0[3]     ; 4.654 ; 4.654 ; 4.654 ; 4.654 ;
; SW[6]      ; HEX0[4]     ; 4.542 ; 4.542 ; 4.542 ; 4.542 ;
; SW[6]      ; HEX0[5]     ; 5.166 ; 5.166 ; 5.166 ; 5.166 ;
; SW[6]      ; HEX0[6]     ; 5.160 ; 5.160 ; 5.160 ; 5.160 ;
; SW[6]      ; HEX1[6]     ; 4.799 ; 4.799 ; 4.799 ; 4.799 ;
; SW[6]      ; LEDR[1]     ; 4.186 ; 4.186 ; 4.186 ; 4.186 ;
; SW[6]      ; LEDR[2]     ; 4.356 ;       ;       ; 4.356 ;
; SW[6]      ; LEDR[3]     ; 4.432 ; 4.432 ; 4.432 ; 4.432 ;
; SW[7]      ; HEX0[0]     ; 5.346 ; 5.346 ; 5.346 ; 5.346 ;
; SW[7]      ; HEX0[1]     ; 5.456 ; 5.456 ; 5.456 ; 5.456 ;
; SW[7]      ; HEX0[2]     ; 5.369 ; 5.369 ; 5.369 ; 5.369 ;
; SW[7]      ; HEX0[5]     ; 5.255 ; 5.255 ; 5.255 ; 5.255 ;
; SW[7]      ; HEX0[6]     ; 5.249 ; 5.249 ; 5.249 ; 5.249 ;
; SW[7]      ; HEX1[6]     ; 4.888 ; 4.888 ; 4.888 ; 4.888 ;
; SW[7]      ; LEDR[1]     ; 3.849 ; 3.849 ; 3.849 ; 3.849 ;
; SW[7]      ; LEDR[2]     ; 4.023 ;       ;       ; 4.023 ;
; SW[7]      ; LEDR[3]     ; 4.435 ; 4.435 ; 4.435 ; 4.435 ;
; SW[8]      ; HEX0[0]     ; 6.166 ; 6.166 ; 6.166 ; 6.166 ;
; SW[8]      ; HEX0[1]     ; 6.276 ; 6.276 ; 6.276 ; 6.276 ;
; SW[8]      ; HEX0[2]     ; 6.189 ; 6.189 ; 6.189 ; 6.189 ;
; SW[8]      ; HEX0[3]     ; 5.560 ; 5.560 ; 5.560 ; 5.560 ;
; SW[8]      ; HEX0[4]     ; 5.448 ; 5.448 ; 5.448 ; 5.448 ;
; SW[8]      ; HEX0[5]     ; 6.075 ; 6.075 ; 6.075 ; 6.075 ;
; SW[8]      ; HEX0[6]     ; 6.069 ; 6.069 ; 6.069 ; 6.069 ;
; SW[8]      ; HEX1[6]     ; 5.708 ; 5.708 ; 5.708 ; 5.708 ;
; SW[8]      ; LEDR[1]     ; 5.095 ; 5.095 ; 5.095 ; 5.095 ;
; SW[8]      ; LEDR[2]     ; 5.265 ; 5.265 ; 5.265 ; 5.265 ;
; SW[8]      ; LEDR[3]     ; 5.341 ; 5.341 ; 5.341 ; 5.341 ;
+------------+-------------+-------+-------+-------+-------+


+----------------------------------------------------------+
; Minimum Propagation Delay                                ;
+------------+-------------+-------+-------+-------+-------+
; Input Port ; Output Port ; RR    ; RF    ; FR    ; FF    ;
+------------+-------------+-------+-------+-------+-------+
; SW[0]      ; HEX0[0]     ; 4.209 ; 4.209 ; 4.209 ; 4.209 ;
; SW[0]      ; HEX0[1]     ; 4.319 ; 4.319 ; 4.319 ; 4.319 ;
; SW[0]      ; HEX0[2]     ; 4.230 ; 4.230 ; 4.230 ; 4.230 ;
; SW[0]      ; HEX0[3]     ; 4.229 ; 4.229 ; 4.229 ; 4.229 ;
; SW[0]      ; HEX0[4]     ; 4.118 ; 4.118 ; 4.118 ; 4.118 ;
; SW[0]      ; HEX0[5]     ; 4.116 ; 4.116 ; 4.116 ; 4.116 ;
; SW[0]      ; HEX0[6]     ; 4.114 ; 4.114 ; 4.114 ; 4.114 ;
; SW[0]      ; HEX1[6]     ; 5.424 ; 5.424 ; 5.424 ; 5.424 ;
; SW[0]      ; LEDR[1]     ; 4.811 ; 4.811 ; 4.811 ; 4.811 ;
; SW[0]      ; LEDR[2]     ; 4.981 ; 4.981 ; 4.981 ; 4.981 ;
; SW[0]      ; LEDR[3]     ; 4.335 ; 4.335 ; 4.335 ; 4.335 ;
; SW[1]      ; HEX0[0]     ; 4.688 ; 4.688 ; 4.688 ; 4.688 ;
; SW[1]      ; HEX0[1]     ; 4.797 ; 4.797 ; 4.797 ; 4.797 ;
; SW[1]      ; HEX0[2]     ; 4.713 ; 4.713 ; 4.713 ; 4.713 ;
; SW[1]      ; HEX0[3]     ; 4.709 ; 4.709 ; 4.709 ; 4.709 ;
; SW[1]      ; HEX0[4]     ; 4.588 ; 4.588 ; 4.588 ; 4.588 ;
; SW[1]      ; HEX0[5]     ; 4.589 ; 4.589 ; 4.589 ; 4.589 ;
; SW[1]      ; HEX0[6]     ; 4.594 ; 4.594 ; 4.594 ; 4.594 ;
; SW[1]      ; HEX1[6]     ; 5.435 ; 5.435 ; 5.435 ; 5.435 ;
; SW[1]      ; LEDR[1]     ; 4.822 ; 4.822 ; 4.822 ; 4.822 ;
; SW[1]      ; LEDR[2]     ; 4.992 ; 4.992 ; 4.992 ; 4.992 ;
; SW[1]      ; LEDR[3]     ; 4.797 ; 4.797 ; 4.797 ; 4.797 ;
; SW[2]      ; HEX0[0]     ; 4.557 ; 4.557 ; 4.557 ; 4.557 ;
; SW[2]      ; HEX0[1]     ; 4.670 ; 4.670 ; 4.670 ; 4.670 ;
; SW[2]      ; HEX0[2]     ; 4.583 ; 4.583 ; 4.583 ; 4.583 ;
; SW[2]      ; HEX0[3]     ; 4.577 ; 4.577 ; 4.577 ; 4.577 ;
; SW[2]      ; HEX0[4]     ; 4.465 ; 4.465 ; 4.465 ; 4.465 ;
; SW[2]      ; HEX0[5]     ; 4.464 ; 4.464 ; 4.464 ; 4.464 ;
; SW[2]      ; HEX0[6]     ; 4.466 ; 4.466 ; 4.466 ; 4.466 ;
; SW[2]      ; HEX1[6]     ; 4.722 ; 4.722 ; 4.722 ; 4.722 ;
; SW[2]      ; LEDR[1]     ; 4.109 ; 4.109 ; 4.109 ; 4.109 ;
; SW[2]      ; LEDR[2]     ; 4.279 ; 4.279 ; 4.279 ; 4.279 ;
; SW[2]      ; LEDR[3]     ; 4.351 ; 4.351 ; 4.351 ; 4.351 ;
; SW[3]      ; HEX0[0]     ; 5.372 ; 5.372 ; 5.372 ; 5.372 ;
; SW[3]      ; HEX0[1]     ; 5.482 ; 5.482 ; 5.482 ; 5.482 ;
; SW[3]      ; HEX0[2]     ; 5.395 ; 5.395 ; 5.395 ; 5.395 ;
; SW[3]      ; HEX0[5]     ; 5.281 ; 5.281 ; 5.281 ; 5.281 ;
; SW[3]      ; HEX0[6]     ; 5.275 ; 5.275 ; 5.275 ; 5.275 ;
; SW[3]      ; HEX1[6]     ; 4.914 ; 4.914 ; 4.914 ; 4.914 ;
; SW[3]      ; LEDR[1]     ; 3.819 ; 3.819 ; 3.819 ; 3.819 ;
; SW[3]      ; LEDR[2]     ; 3.990 ; 3.990 ; 3.990 ; 3.990 ;
; SW[3]      ; LEDR[3]     ; 4.469 ; 4.469 ; 4.469 ; 4.469 ;
; SW[4]      ; HEX0[0]     ; 4.198 ; 4.198 ; 4.198 ; 4.198 ;
; SW[4]      ; HEX0[1]     ; 4.308 ; 4.308 ; 4.308 ; 4.308 ;
; SW[4]      ; HEX0[2]     ; 4.219 ; 4.219 ; 4.219 ; 4.219 ;
; SW[4]      ; HEX0[3]     ; 4.218 ; 4.218 ; 4.218 ; 4.218 ;
; SW[4]      ; HEX0[4]     ; 4.107 ; 4.107 ; 4.107 ; 4.107 ;
; SW[4]      ; HEX0[5]     ; 4.105 ; 4.105 ; 4.105 ; 4.105 ;
; SW[4]      ; HEX0[6]     ; 4.103 ; 4.103 ; 4.103 ; 4.103 ;
; SW[4]      ; HEX1[6]     ; 5.343 ; 5.343 ; 5.343 ; 5.343 ;
; SW[4]      ; LEDR[1]     ; 4.730 ; 4.730 ; 4.730 ; 4.730 ;
; SW[4]      ; LEDR[2]     ; 4.900 ; 4.900 ; 4.900 ; 4.900 ;
; SW[4]      ; LEDR[3]     ; 4.255 ; 4.255 ; 4.255 ; 4.255 ;
; SW[5]      ; HEX0[0]     ; 4.486 ; 4.486 ; 4.486 ; 4.486 ;
; SW[5]      ; HEX0[1]     ; 4.595 ; 4.595 ; 4.595 ; 4.595 ;
; SW[5]      ; HEX0[2]     ; 4.511 ; 4.511 ; 4.511 ; 4.511 ;
; SW[5]      ; HEX0[3]     ; 4.507 ; 4.507 ; 4.507 ; 4.507 ;
; SW[5]      ; HEX0[4]     ; 4.386 ; 4.386 ; 4.386 ; 4.386 ;
; SW[5]      ; HEX0[5]     ; 4.387 ; 4.387 ; 4.387 ; 4.387 ;
; SW[5]      ; HEX0[6]     ; 4.392 ; 4.392 ; 4.392 ; 4.392 ;
; SW[5]      ; HEX1[6]     ; 5.236 ; 5.236 ; 5.236 ; 5.236 ;
; SW[5]      ; LEDR[1]     ; 4.623 ; 4.623 ; 4.623 ; 4.623 ;
; SW[5]      ; LEDR[2]     ; 4.793 ;       ;       ; 4.793 ;
; SW[5]      ; LEDR[3]     ; 4.595 ; 4.595 ; 4.595 ; 4.595 ;
; SW[6]      ; HEX0[0]     ; 4.634 ; 4.634 ; 4.634 ; 4.634 ;
; SW[6]      ; HEX0[1]     ; 4.747 ; 4.747 ; 4.747 ; 4.747 ;
; SW[6]      ; HEX0[2]     ; 4.660 ; 4.660 ; 4.660 ; 4.660 ;
; SW[6]      ; HEX0[3]     ; 4.654 ; 4.654 ; 4.654 ; 4.654 ;
; SW[6]      ; HEX0[4]     ; 4.542 ; 4.542 ; 4.542 ; 4.542 ;
; SW[6]      ; HEX0[5]     ; 4.541 ; 4.541 ; 4.541 ; 4.541 ;
; SW[6]      ; HEX0[6]     ; 4.543 ; 4.543 ; 4.543 ; 4.543 ;
; SW[6]      ; HEX1[6]     ; 4.799 ; 4.799 ; 4.799 ; 4.799 ;
; SW[6]      ; LEDR[1]     ; 4.186 ; 4.186 ; 4.186 ; 4.186 ;
; SW[6]      ; LEDR[2]     ; 4.356 ;       ;       ; 4.356 ;
; SW[6]      ; LEDR[3]     ; 4.428 ; 4.428 ; 4.428 ; 4.428 ;
; SW[7]      ; HEX0[0]     ; 5.346 ; 5.346 ; 5.346 ; 5.346 ;
; SW[7]      ; HEX0[1]     ; 5.456 ; 5.456 ; 5.456 ; 5.456 ;
; SW[7]      ; HEX0[2]     ; 5.369 ; 5.369 ; 5.369 ; 5.369 ;
; SW[7]      ; HEX0[5]     ; 5.255 ; 5.255 ; 5.255 ; 5.255 ;
; SW[7]      ; HEX0[6]     ; 5.249 ; 5.249 ; 5.249 ; 5.249 ;
; SW[7]      ; HEX1[6]     ; 4.888 ; 4.888 ; 4.888 ; 4.888 ;
; SW[7]      ; LEDR[1]     ; 3.849 ; 3.849 ; 3.849 ; 3.849 ;
; SW[7]      ; LEDR[2]     ; 4.023 ;       ;       ; 4.023 ;
; SW[7]      ; LEDR[3]     ; 4.435 ; 4.435 ; 4.435 ; 4.435 ;
; SW[8]      ; HEX0[0]     ; 4.619 ; 4.619 ; 4.619 ; 4.619 ;
; SW[8]      ; HEX0[1]     ; 4.732 ; 4.732 ; 4.732 ; 4.732 ;
; SW[8]      ; HEX0[2]     ; 4.645 ; 4.645 ; 4.645 ; 4.645 ;
; SW[8]      ; HEX0[3]     ; 4.639 ; 4.639 ; 4.639 ; 4.639 ;
; SW[8]      ; HEX0[4]     ; 4.527 ; 4.527 ; 4.527 ; 4.527 ;
; SW[8]      ; HEX0[5]     ; 4.526 ; 4.526 ; 4.526 ; 4.526 ;
; SW[8]      ; HEX0[6]     ; 4.528 ; 4.528 ; 4.528 ; 4.528 ;
; SW[8]      ; HEX1[6]     ; 4.784 ; 4.784 ; 4.784 ; 4.784 ;
; SW[8]      ; LEDR[1]     ; 3.872 ; 3.872 ; 3.872 ; 3.872 ;
; SW[8]      ; LEDR[2]     ; 4.043 ; 4.043 ; 4.043 ; 4.043 ;
; SW[8]      ; LEDR[3]     ; 4.413 ; 4.413 ; 4.413 ; 4.413 ;
+------------+-------------+-------+-------+-------+-------+


+----------------------------------------------------------------------------+
; Multicorner Timing Analysis Summary                                        ;
+------------------+-------+------+----------+---------+---------------------+
; Clock            ; Setup ; Hold ; Recovery ; Removal ; Minimum Pulse Width ;
+------------------+-------+------+----------+---------+---------------------+
; Worst-case Slack ; N/A   ; N/A  ; N/A      ; N/A     ; -1.631              ;
;  SW[9]           ; N/A   ; N/A  ; N/A      ; N/A     ; -1.631              ;
; Design-wide TNS  ; 0.0   ; 0.0  ; 0.0      ; 0.0     ; -1.631              ;
;  SW[9]           ; N/A   ; N/A  ; N/A      ; N/A     ; -1.631              ;
+------------------+-------+------+----------+---------+---------------------+


+-----------------------------------------------------------------------+
; Setup Times                                                           ;
+-----------+------------+-------+-------+------------+-----------------+
; Data Port ; Clock Port ; Rise  ; Fall  ; Clock Edge ; Clock Reference ;
+-----------+------------+-------+-------+------------+-----------------+
; SW[*]     ; SW[9]      ; 5.552 ; 5.552 ; Rise       ; SW[9]           ;
;  SW[0]    ; SW[9]      ; 5.132 ; 5.132 ; Rise       ; SW[9]           ;
;  SW[1]    ; SW[9]      ; 4.886 ; 4.886 ; Rise       ; SW[9]           ;
;  SW[2]    ; SW[9]      ; 2.812 ; 2.812 ; Rise       ; SW[9]           ;
;  SW[3]    ; SW[9]      ; 2.083 ; 2.083 ; Rise       ; SW[9]           ;
;  SW[4]    ; SW[9]      ; 4.900 ; 4.900 ; Rise       ; SW[9]           ;
;  SW[5]    ; SW[9]      ; 4.150 ; 4.150 ; Rise       ; SW[9]           ;
;  SW[6]    ; SW[9]      ; 3.120 ; 3.120 ; Rise       ; SW[9]           ;
;  SW[7]    ; SW[9]      ; 2.232 ; 2.232 ; Rise       ; SW[9]           ;
;  SW[8]    ; SW[9]      ; 5.552 ; 5.552 ; Rise       ; SW[9]           ;
; SW[*]     ; SW[9]      ; 2.234 ; 2.234 ; Fall       ; SW[9]           ;
;  SW[0]    ; SW[9]      ; 1.815 ; 1.815 ; Fall       ; SW[9]           ;
;  SW[1]    ; SW[9]      ; 1.433 ; 1.433 ; Fall       ; SW[9]           ;
;  SW[2]    ; SW[9]      ; 1.752 ; 1.752 ; Fall       ; SW[9]           ;
;  SW[3]    ; SW[9]      ; 2.043 ; 2.043 ; Fall       ; SW[9]           ;
;  SW[4]    ; SW[9]      ; 1.581 ; 1.581 ; Fall       ; SW[9]           ;
;  SW[5]    ; SW[9]      ; 1.518 ; 1.518 ; Fall       ; SW[9]           ;
;  SW[6]    ; SW[9]      ; 2.062 ; 2.062 ; Fall       ; SW[9]           ;
;  SW[7]    ; SW[9]      ; 1.991 ; 1.991 ; Fall       ; SW[9]           ;
;  SW[8]    ; SW[9]      ; 2.234 ; 2.234 ; Fall       ; SW[9]           ;
+-----------+------------+-------+-------+------------+-----------------+


+-------------------------------------------------------------------------+
; Hold Times                                                              ;
+-----------+------------+--------+--------+------------+-----------------+
; Data Port ; Clock Port ; Rise   ; Fall   ; Clock Edge ; Clock Reference ;
+-----------+------------+--------+--------+------------+-----------------+
; SW[*]     ; SW[9]      ; 0.056  ; 0.056  ; Rise       ; SW[9]           ;
;  SW[0]    ; SW[9]      ; -0.933 ; -0.933 ; Rise       ; SW[9]           ;
;  SW[1]    ; SW[9]      ; -0.944 ; -0.944 ; Rise       ; SW[9]           ;
;  SW[2]    ; SW[9]      ; -0.231 ; -0.231 ; Rise       ; SW[9]           ;
;  SW[3]    ; SW[9]      ; 0.056  ; 0.056  ; Rise       ; SW[9]           ;
;  SW[4]    ; SW[9]      ; -0.852 ; -0.852 ; Rise       ; SW[9]           ;
;  SW[5]    ; SW[9]      ; -0.745 ; -0.745 ; Rise       ; SW[9]           ;
;  SW[6]    ; SW[9]      ; -0.308 ; -0.308 ; Rise       ; SW[9]           ;
;  SW[7]    ; SW[9]      ; 0.010  ; 0.010  ; Rise       ; SW[9]           ;
;  SW[8]    ; SW[9]      ; -0.003 ; -0.003 ; Rise       ; SW[9]           ;
; SW[*]     ; SW[9]      ; 0.202  ; 0.202  ; Fall       ; SW[9]           ;
;  SW[0]    ; SW[9]      ; 0.035  ; 0.035  ; Fall       ; SW[9]           ;
;  SW[1]    ; SW[9]      ; 0.202  ; 0.202  ; Fall       ; SW[9]           ;
;  SW[2]    ; SW[9]      ; 0.064  ; 0.064  ; Fall       ; SW[9]           ;
;  SW[3]    ; SW[9]      ; 0.046  ; 0.046  ; Fall       ; SW[9]           ;
;  SW[4]    ; SW[9]      ; 0.112  ; 0.112  ; Fall       ; SW[9]           ;
;  SW[5]    ; SW[9]      ; 0.116  ; 0.116  ; Fall       ; SW[9]           ;
;  SW[6]    ; SW[9]      ; -0.013 ; -0.013 ; Fall       ; SW[9]           ;
;  SW[7]    ; SW[9]      ; 0.080  ; 0.080  ; Fall       ; SW[9]           ;
;  SW[8]    ; SW[9]      ; 0.074  ; 0.074  ; Fall       ; SW[9]           ;
+-----------+------------+--------+--------+------------+-----------------+


+-------------------------------------------------------------------------+
; Clock to Output Times                                                   ;
+-----------+------------+--------+--------+------------+-----------------+
; Data Port ; Clock Port ; Rise   ; Fall   ; Clock Edge ; Clock Reference ;
+-----------+------------+--------+--------+------------+-----------------+
; HEX0[*]   ; SW[9]      ; 11.949 ; 11.949 ; Rise       ; SW[9]           ;
;  HEX0[0]  ; SW[9]      ; 11.684 ; 11.684 ; Rise       ; SW[9]           ;
;  HEX0[1]  ; SW[9]      ; 11.949 ; 11.949 ; Rise       ; SW[9]           ;
;  HEX0[2]  ; SW[9]      ; 11.705 ; 11.705 ; Rise       ; SW[9]           ;
;  HEX0[3]  ; SW[9]      ; 10.389 ; 10.389 ; Rise       ; SW[9]           ;
;  HEX0[4]  ; SW[9]      ; 10.064 ; 10.064 ; Rise       ; SW[9]           ;
;  HEX0[5]  ; SW[9]      ; 11.380 ; 11.380 ; Rise       ; SW[9]           ;
;  HEX0[6]  ; SW[9]      ; 11.374 ; 11.374 ; Rise       ; SW[9]           ;
; HEX1[*]   ; SW[9]      ; 10.395 ; 10.395 ; Rise       ; SW[9]           ;
;  HEX1[6]  ; SW[9]      ; 10.395 ; 10.395 ; Rise       ; SW[9]           ;
; LEDR[*]   ; SW[9]      ; 9.934  ; 9.934  ; Rise       ; SW[9]           ;
;  LEDR[0]  ; SW[9]      ; 8.525  ; 8.525  ; Rise       ; SW[9]           ;
;  LEDR[3]  ; SW[9]      ; 9.934  ; 9.934  ; Rise       ; SW[9]           ;
; HEX0[*]   ; SW[9]      ; 12.150 ; 12.150 ; Fall       ; SW[9]           ;
;  HEX0[0]  ; SW[9]      ; 11.885 ; 11.885 ; Fall       ; SW[9]           ;
;  HEX0[1]  ; SW[9]      ; 12.150 ; 12.150 ; Fall       ; SW[9]           ;
;  HEX0[2]  ; SW[9]      ; 11.906 ; 11.906 ; Fall       ; SW[9]           ;
;  HEX0[3]  ; SW[9]      ; 10.646 ; 10.646 ; Fall       ; SW[9]           ;
;  HEX0[4]  ; SW[9]      ; 10.321 ; 10.321 ; Fall       ; SW[9]           ;
;  HEX0[5]  ; SW[9]      ; 11.581 ; 11.581 ; Fall       ; SW[9]           ;
;  HEX0[6]  ; SW[9]      ; 11.575 ; 11.575 ; Fall       ; SW[9]           ;
; HEX1[*]   ; SW[9]      ; 10.596 ; 10.596 ; Fall       ; SW[9]           ;
;  HEX1[6]  ; SW[9]      ; 10.596 ; 10.596 ; Fall       ; SW[9]           ;
; LEDR[*]   ; SW[9]      ; 9.954  ; 9.954  ; Fall       ; SW[9]           ;
;  LEDR[3]  ; SW[9]      ; 9.954  ; 9.954  ; Fall       ; SW[9]           ;
+-----------+------------+--------+--------+------------+-----------------+


+-----------------------------------------------------------------------+
; Minimum Clock to Output Times                                         ;
+-----------+------------+-------+-------+------------+-----------------+
; Data Port ; Clock Port ; Rise  ; Fall  ; Clock Edge ; Clock Reference ;
+-----------+------------+-------+-------+------------+-----------------+
; HEX0[*]   ; SW[9]      ; 4.270 ; 4.270 ; Rise       ; SW[9]           ;
;  HEX0[0]  ; SW[9]      ; 4.365 ; 4.365 ; Rise       ; SW[9]           ;
;  HEX0[1]  ; SW[9]      ; 4.475 ; 4.475 ; Rise       ; SW[9]           ;
;  HEX0[2]  ; SW[9]      ; 4.386 ; 4.386 ; Rise       ; SW[9]           ;
;  HEX0[3]  ; SW[9]      ; 4.385 ; 4.385 ; Rise       ; SW[9]           ;
;  HEX0[4]  ; SW[9]      ; 4.274 ; 4.274 ; Rise       ; SW[9]           ;
;  HEX0[5]  ; SW[9]      ; 4.272 ; 4.272 ; Rise       ; SW[9]           ;
;  HEX0[6]  ; SW[9]      ; 4.270 ; 4.270 ; Rise       ; SW[9]           ;
; HEX1[*]   ; SW[9]      ; 4.744 ; 4.744 ; Rise       ; SW[9]           ;
;  HEX1[6]  ; SW[9]      ; 4.744 ; 4.744 ; Rise       ; SW[9]           ;
; LEDR[*]   ; SW[9]      ; 4.210 ; 4.210 ; Rise       ; SW[9]           ;
;  LEDR[0]  ; SW[9]      ; 4.210 ; 4.210 ; Rise       ; SW[9]           ;
;  LEDR[3]  ; SW[9]      ; 4.464 ; 4.464 ; Rise       ; SW[9]           ;
; HEX0[*]   ; SW[9]      ; 4.270 ; 4.270 ; Fall       ; SW[9]           ;
;  HEX0[0]  ; SW[9]      ; 4.365 ; 4.365 ; Fall       ; SW[9]           ;
;  HEX0[1]  ; SW[9]      ; 4.475 ; 4.475 ; Fall       ; SW[9]           ;
;  HEX0[2]  ; SW[9]      ; 4.386 ; 4.386 ; Fall       ; SW[9]           ;
;  HEX0[3]  ; SW[9]      ; 4.385 ; 4.385 ; Fall       ; SW[9]           ;
;  HEX0[4]  ; SW[9]      ; 4.274 ; 4.274 ; Fall       ; SW[9]           ;
;  HEX0[5]  ; SW[9]      ; 4.272 ; 4.272 ; Fall       ; SW[9]           ;
;  HEX0[6]  ; SW[9]      ; 4.270 ; 4.270 ; Fall       ; SW[9]           ;
; HEX1[*]   ; SW[9]      ; 4.744 ; 4.744 ; Fall       ; SW[9]           ;
;  HEX1[6]  ; SW[9]      ; 4.744 ; 4.744 ; Fall       ; SW[9]           ;
; LEDR[*]   ; SW[9]      ; 4.394 ; 4.394 ; Fall       ; SW[9]           ;
;  LEDR[3]  ; SW[9]      ; 4.394 ; 4.394 ; Fall       ; SW[9]           ;
+-----------+------------+-------+-------+------------+-----------------+


+--------------------------------------------------------------+
; Progagation Delay                                            ;
+------------+-------------+--------+--------+--------+--------+
; Input Port ; Output Port ; RR     ; RF     ; FR     ; FF     ;
+------------+-------------+--------+--------+--------+--------+
; SW[0]      ; HEX0[0]     ; 13.977 ; 13.977 ; 13.977 ; 13.977 ;
; SW[0]      ; HEX0[1]     ; 14.242 ; 14.242 ; 14.242 ; 14.242 ;
; SW[0]      ; HEX0[2]     ; 13.998 ; 13.998 ; 13.998 ; 13.998 ;
; SW[0]      ; HEX0[3]     ; 12.903 ; 12.903 ; 12.903 ; 12.903 ;
; SW[0]      ; HEX0[4]     ; 12.578 ; 12.578 ; 12.578 ; 12.578 ;
; SW[0]      ; HEX0[5]     ; 13.673 ; 13.673 ; 13.673 ; 13.673 ;
; SW[0]      ; HEX0[6]     ; 13.667 ; 13.667 ; 13.667 ; 13.667 ;
; SW[0]      ; HEX1[6]     ; 12.688 ; 12.688 ; 12.688 ; 12.688 ;
; SW[0]      ; LEDR[1]     ; 11.692 ; 11.692 ; 11.692 ; 11.692 ;
; SW[0]      ; LEDR[2]     ; 12.007 ; 12.007 ; 12.007 ; 12.007 ;
; SW[0]      ; LEDR[3]     ; 11.951 ; 11.951 ; 11.951 ; 11.951 ;
; SW[1]      ; HEX0[0]     ; 13.731 ; 13.731 ; 13.731 ; 13.731 ;
; SW[1]      ; HEX0[1]     ; 13.996 ; 13.996 ; 13.996 ; 13.996 ;
; SW[1]      ; HEX0[2]     ; 13.752 ; 13.752 ; 13.752 ; 13.752 ;
; SW[1]      ; HEX0[3]     ; 12.657 ; 12.657 ; 12.657 ; 12.657 ;
; SW[1]      ; HEX0[4]     ; 12.332 ; 12.332 ; 12.332 ; 12.332 ;
; SW[1]      ; HEX0[5]     ; 13.427 ; 13.427 ; 13.427 ; 13.427 ;
; SW[1]      ; HEX0[6]     ; 13.421 ; 13.421 ; 13.421 ; 13.421 ;
; SW[1]      ; HEX1[6]     ; 12.442 ; 12.442 ; 12.442 ; 12.442 ;
; SW[1]      ; LEDR[1]     ; 11.446 ; 11.446 ; 11.446 ; 11.446 ;
; SW[1]      ; LEDR[2]     ; 11.761 ; 11.761 ; 11.761 ; 11.761 ;
; SW[1]      ; LEDR[3]     ; 11.705 ; 11.705 ; 11.705 ; 11.705 ;
; SW[2]      ; HEX0[0]     ; 11.657 ; 11.657 ; 11.657 ; 11.657 ;
; SW[2]      ; HEX0[1]     ; 11.922 ; 11.922 ; 11.922 ; 11.922 ;
; SW[2]      ; HEX0[2]     ; 11.678 ; 11.678 ; 11.678 ; 11.678 ;
; SW[2]      ; HEX0[3]     ; 10.582 ; 10.582 ; 10.582 ; 10.582 ;
; SW[2]      ; HEX0[4]     ; 10.257 ; 10.257 ; 10.257 ; 10.257 ;
; SW[2]      ; HEX0[5]     ; 11.353 ; 11.353 ; 11.353 ; 11.353 ;
; SW[2]      ; HEX0[6]     ; 11.347 ; 11.347 ; 11.347 ; 11.347 ;
; SW[2]      ; HEX1[6]     ; 10.368 ; 10.368 ; 10.368 ; 10.368 ;
; SW[2]      ; LEDR[1]     ; 9.372  ; 9.372  ; 9.372  ; 9.372  ;
; SW[2]      ; LEDR[2]     ; 9.687  ; 9.687  ; 9.687  ; 9.687  ;
; SW[2]      ; LEDR[3]     ; 9.631  ; 9.631  ; 9.631  ; 9.631  ;
; SW[3]      ; HEX0[0]     ; 12.327 ; 12.327 ; 12.327 ; 12.327 ;
; SW[3]      ; HEX0[1]     ; 12.592 ; 12.592 ; 12.592 ; 12.592 ;
; SW[3]      ; HEX0[2]     ; 12.348 ; 12.348 ; 12.348 ; 12.348 ;
; SW[3]      ; HEX0[5]     ; 12.023 ; 12.023 ; 12.023 ; 12.023 ;
; SW[3]      ; HEX0[6]     ; 12.017 ; 12.017 ; 12.017 ; 12.017 ;
; SW[3]      ; HEX1[6]     ; 11.038 ; 11.038 ; 11.038 ; 11.038 ;
; SW[3]      ; LEDR[1]     ; 8.645  ; 8.645  ; 8.645  ; 8.645  ;
; SW[3]      ; LEDR[2]     ; 8.954  ; 8.954  ; 8.954  ; 8.954  ;
; SW[3]      ; LEDR[3]     ; 10.000 ; 10.000 ; 10.000 ; 10.000 ;
; SW[4]      ; HEX0[0]     ; 13.745 ; 13.745 ; 13.745 ; 13.745 ;
; SW[4]      ; HEX0[1]     ; 14.010 ; 14.010 ; 14.010 ; 14.010 ;
; SW[4]      ; HEX0[2]     ; 13.766 ; 13.766 ; 13.766 ; 13.766 ;
; SW[4]      ; HEX0[3]     ; 12.671 ; 12.671 ; 12.671 ; 12.671 ;
; SW[4]      ; HEX0[4]     ; 12.346 ; 12.346 ; 12.346 ; 12.346 ;
; SW[4]      ; HEX0[5]     ; 13.441 ; 13.441 ; 13.441 ; 13.441 ;
; SW[4]      ; HEX0[6]     ; 13.435 ; 13.435 ; 13.435 ; 13.435 ;
; SW[4]      ; HEX1[6]     ; 12.456 ; 12.456 ; 12.456 ; 12.456 ;
; SW[4]      ; LEDR[1]     ; 11.460 ; 11.460 ; 11.460 ; 11.460 ;
; SW[4]      ; LEDR[2]     ; 11.775 ; 11.377 ; 11.377 ; 11.775 ;
; SW[4]      ; LEDR[3]     ; 11.719 ; 11.719 ; 11.719 ; 11.719 ;
; SW[5]      ; HEX0[0]     ; 12.995 ; 12.995 ; 12.995 ; 12.995 ;
; SW[5]      ; HEX0[1]     ; 13.260 ; 13.260 ; 13.260 ; 13.260 ;
; SW[5]      ; HEX0[2]     ; 13.016 ; 13.016 ; 13.016 ; 13.016 ;
; SW[5]      ; HEX0[3]     ; 11.921 ; 11.921 ; 11.921 ; 11.921 ;
; SW[5]      ; HEX0[4]     ; 11.596 ; 11.596 ; 11.596 ; 11.596 ;
; SW[5]      ; HEX0[5]     ; 12.691 ; 12.691 ; 12.691 ; 12.691 ;
; SW[5]      ; HEX0[6]     ; 12.685 ; 12.685 ; 12.685 ; 12.685 ;
; SW[5]      ; HEX1[6]     ; 11.706 ; 11.706 ; 11.706 ; 11.706 ;
; SW[5]      ; LEDR[1]     ; 10.710 ; 10.710 ; 10.710 ; 10.710 ;
; SW[5]      ; LEDR[2]     ; 11.025 ;        ;        ; 11.025 ;
; SW[5]      ; LEDR[3]     ; 10.969 ; 10.969 ; 10.969 ; 10.969 ;
; SW[6]      ; HEX0[0]     ; 11.965 ; 11.965 ; 11.965 ; 11.965 ;
; SW[6]      ; HEX0[1]     ; 12.230 ; 12.230 ; 12.230 ; 12.230 ;
; SW[6]      ; HEX0[2]     ; 11.986 ; 11.986 ; 11.986 ; 11.986 ;
; SW[6]      ; HEX0[3]     ; 10.891 ; 10.891 ; 10.891 ; 10.891 ;
; SW[6]      ; HEX0[4]     ; 10.566 ; 10.566 ; 10.566 ; 10.566 ;
; SW[6]      ; HEX0[5]     ; 11.661 ; 11.661 ; 11.661 ; 11.661 ;
; SW[6]      ; HEX0[6]     ; 11.655 ; 11.655 ; 11.655 ; 11.655 ;
; SW[6]      ; HEX1[6]     ; 10.676 ; 10.676 ; 10.676 ; 10.676 ;
; SW[6]      ; LEDR[1]     ; 9.680  ; 9.680  ; 9.680  ; 9.680  ;
; SW[6]      ; LEDR[2]     ; 9.995  ;        ;        ; 9.995  ;
; SW[6]      ; LEDR[3]     ; 9.939  ; 9.939  ; 9.939  ; 9.939  ;
; SW[7]      ; HEX0[0]     ; 12.280 ; 12.280 ; 12.280 ; 12.280 ;
; SW[7]      ; HEX0[1]     ; 12.545 ; 12.545 ; 12.545 ; 12.545 ;
; SW[7]      ; HEX0[2]     ; 12.301 ; 12.301 ; 12.301 ; 12.301 ;
; SW[7]      ; HEX0[5]     ; 11.976 ; 11.976 ; 11.976 ; 11.976 ;
; SW[7]      ; HEX0[6]     ; 11.970 ; 11.970 ; 11.970 ; 11.970 ;
; SW[7]      ; HEX1[6]     ; 10.991 ; 10.991 ; 10.991 ; 10.991 ;
; SW[7]      ; LEDR[1]     ; 8.783  ; 8.783  ; 8.783  ; 8.783  ;
; SW[7]      ; LEDR[2]     ; 9.090  ;        ;        ; 9.090  ;
; SW[7]      ; LEDR[3]     ; 9.943  ; 9.943  ; 9.943  ; 9.943  ;
; SW[8]      ; HEX0[0]     ; 14.397 ; 14.397 ; 14.397 ; 14.397 ;
; SW[8]      ; HEX0[1]     ; 14.662 ; 14.662 ; 14.662 ; 14.662 ;
; SW[8]      ; HEX0[2]     ; 14.418 ; 14.418 ; 14.418 ; 14.418 ;
; SW[8]      ; HEX0[3]     ; 13.323 ; 13.323 ; 13.323 ; 13.323 ;
; SW[8]      ; HEX0[4]     ; 12.998 ; 12.998 ; 12.998 ; 12.998 ;
; SW[8]      ; HEX0[5]     ; 14.093 ; 14.093 ; 14.093 ; 14.093 ;
; SW[8]      ; HEX0[6]     ; 14.087 ; 14.087 ; 14.087 ; 14.087 ;
; SW[8]      ; HEX1[6]     ; 13.108 ; 13.108 ; 13.108 ; 13.108 ;
; SW[8]      ; LEDR[1]     ; 12.112 ; 12.112 ; 12.112 ; 12.112 ;
; SW[8]      ; LEDR[2]     ; 12.427 ; 12.427 ; 12.427 ; 12.427 ;
; SW[8]      ; LEDR[3]     ; 12.371 ; 12.371 ; 12.371 ; 12.371 ;
+------------+-------------+--------+--------+--------+--------+


+----------------------------------------------------------+
; Minimum Progagation Delay                                ;
+------------+-------------+-------+-------+-------+-------+
; Input Port ; Output Port ; RR    ; RF    ; FR    ; FF    ;
+------------+-------------+-------+-------+-------+-------+
; SW[0]      ; HEX0[0]     ; 4.209 ; 4.209 ; 4.209 ; 4.209 ;
; SW[0]      ; HEX0[1]     ; 4.319 ; 4.319 ; 4.319 ; 4.319 ;
; SW[0]      ; HEX0[2]     ; 4.230 ; 4.230 ; 4.230 ; 4.230 ;
; SW[0]      ; HEX0[3]     ; 4.229 ; 4.229 ; 4.229 ; 4.229 ;
; SW[0]      ; HEX0[4]     ; 4.118 ; 4.118 ; 4.118 ; 4.118 ;
; SW[0]      ; HEX0[5]     ; 4.116 ; 4.116 ; 4.116 ; 4.116 ;
; SW[0]      ; HEX0[6]     ; 4.114 ; 4.114 ; 4.114 ; 4.114 ;
; SW[0]      ; HEX1[6]     ; 5.424 ; 5.424 ; 5.424 ; 5.424 ;
; SW[0]      ; LEDR[1]     ; 4.811 ; 4.811 ; 4.811 ; 4.811 ;
; SW[0]      ; LEDR[2]     ; 4.981 ; 4.981 ; 4.981 ; 4.981 ;
; SW[0]      ; LEDR[3]     ; 4.335 ; 4.335 ; 4.335 ; 4.335 ;
; SW[1]      ; HEX0[0]     ; 4.688 ; 4.688 ; 4.688 ; 4.688 ;
; SW[1]      ; HEX0[1]     ; 4.797 ; 4.797 ; 4.797 ; 4.797 ;
; SW[1]      ; HEX0[2]     ; 4.713 ; 4.713 ; 4.713 ; 4.713 ;
; SW[1]      ; HEX0[3]     ; 4.709 ; 4.709 ; 4.709 ; 4.709 ;
; SW[1]      ; HEX0[4]     ; 4.588 ; 4.588 ; 4.588 ; 4.588 ;
; SW[1]      ; HEX0[5]     ; 4.589 ; 4.589 ; 4.589 ; 4.589 ;
; SW[1]      ; HEX0[6]     ; 4.594 ; 4.594 ; 4.594 ; 4.594 ;
; SW[1]      ; HEX1[6]     ; 5.435 ; 5.435 ; 5.435 ; 5.435 ;
; SW[1]      ; LEDR[1]     ; 4.822 ; 4.822 ; 4.822 ; 4.822 ;
; SW[1]      ; LEDR[2]     ; 4.992 ; 4.992 ; 4.992 ; 4.992 ;
; SW[1]      ; LEDR[3]     ; 4.797 ; 4.797 ; 4.797 ; 4.797 ;
; SW[2]      ; HEX0[0]     ; 4.557 ; 4.557 ; 4.557 ; 4.557 ;
; SW[2]      ; HEX0[1]     ; 4.670 ; 4.670 ; 4.670 ; 4.670 ;
; SW[2]      ; HEX0[2]     ; 4.583 ; 4.583 ; 4.583 ; 4.583 ;
; SW[2]      ; HEX0[3]     ; 4.577 ; 4.577 ; 4.577 ; 4.577 ;
; SW[2]      ; HEX0[4]     ; 4.465 ; 4.465 ; 4.465 ; 4.465 ;
; SW[2]      ; HEX0[5]     ; 4.464 ; 4.464 ; 4.464 ; 4.464 ;
; SW[2]      ; HEX0[6]     ; 4.466 ; 4.466 ; 4.466 ; 4.466 ;
; SW[2]      ; HEX1[6]     ; 4.722 ; 4.722 ; 4.722 ; 4.722 ;
; SW[2]      ; LEDR[1]     ; 4.109 ; 4.109 ; 4.109 ; 4.109 ;
; SW[2]      ; LEDR[2]     ; 4.279 ; 4.279 ; 4.279 ; 4.279 ;
; SW[2]      ; LEDR[3]     ; 4.351 ; 4.351 ; 4.351 ; 4.351 ;
; SW[3]      ; HEX0[0]     ; 5.372 ; 5.372 ; 5.372 ; 5.372 ;
; SW[3]      ; HEX0[1]     ; 5.482 ; 5.482 ; 5.482 ; 5.482 ;
; SW[3]      ; HEX0[2]     ; 5.395 ; 5.395 ; 5.395 ; 5.395 ;
; SW[3]      ; HEX0[5]     ; 5.281 ; 5.281 ; 5.281 ; 5.281 ;
; SW[3]      ; HEX0[6]     ; 5.275 ; 5.275 ; 5.275 ; 5.275 ;
; SW[3]      ; HEX1[6]     ; 4.914 ; 4.914 ; 4.914 ; 4.914 ;
; SW[3]      ; LEDR[1]     ; 3.819 ; 3.819 ; 3.819 ; 3.819 ;
; SW[3]      ; LEDR[2]     ; 3.990 ; 3.990 ; 3.990 ; 3.990 ;
; SW[3]      ; LEDR[3]     ; 4.469 ; 4.469 ; 4.469 ; 4.469 ;
; SW[4]      ; HEX0[0]     ; 4.198 ; 4.198 ; 4.198 ; 4.198 ;
; SW[4]      ; HEX0[1]     ; 4.308 ; 4.308 ; 4.308 ; 4.308 ;
; SW[4]      ; HEX0[2]     ; 4.219 ; 4.219 ; 4.219 ; 4.219 ;
; SW[4]      ; HEX0[3]     ; 4.218 ; 4.218 ; 4.218 ; 4.218 ;
; SW[4]      ; HEX0[4]     ; 4.107 ; 4.107 ; 4.107 ; 4.107 ;
; SW[4]      ; HEX0[5]     ; 4.105 ; 4.105 ; 4.105 ; 4.105 ;
; SW[4]      ; HEX0[6]     ; 4.103 ; 4.103 ; 4.103 ; 4.103 ;
; SW[4]      ; HEX1[6]     ; 5.343 ; 5.343 ; 5.343 ; 5.343 ;
; SW[4]      ; LEDR[1]     ; 4.730 ; 4.730 ; 4.730 ; 4.730 ;
; SW[4]      ; LEDR[2]     ; 4.900 ; 4.900 ; 4.900 ; 4.900 ;
; SW[4]      ; LEDR[3]     ; 4.255 ; 4.255 ; 4.255 ; 4.255 ;
; SW[5]      ; HEX0[0]     ; 4.486 ; 4.486 ; 4.486 ; 4.486 ;
; SW[5]      ; HEX0[1]     ; 4.595 ; 4.595 ; 4.595 ; 4.595 ;
; SW[5]      ; HEX0[2]     ; 4.511 ; 4.511 ; 4.511 ; 4.511 ;
; SW[5]      ; HEX0[3]     ; 4.507 ; 4.507 ; 4.507 ; 4.507 ;
; SW[5]      ; HEX0[4]     ; 4.386 ; 4.386 ; 4.386 ; 4.386 ;
; SW[5]      ; HEX0[5]     ; 4.387 ; 4.387 ; 4.387 ; 4.387 ;
; SW[5]      ; HEX0[6]     ; 4.392 ; 4.392 ; 4.392 ; 4.392 ;
; SW[5]      ; HEX1[6]     ; 5.236 ; 5.236 ; 5.236 ; 5.236 ;
; SW[5]      ; LEDR[1]     ; 4.623 ; 4.623 ; 4.623 ; 4.623 ;
; SW[5]      ; LEDR[2]     ; 4.793 ;       ;       ; 4.793 ;
; SW[5]      ; LEDR[3]     ; 4.595 ; 4.595 ; 4.595 ; 4.595 ;
; SW[6]      ; HEX0[0]     ; 4.634 ; 4.634 ; 4.634 ; 4.634 ;
; SW[6]      ; HEX0[1]     ; 4.747 ; 4.747 ; 4.747 ; 4.747 ;
; SW[6]      ; HEX0[2]     ; 4.660 ; 4.660 ; 4.660 ; 4.660 ;
; SW[6]      ; HEX0[3]     ; 4.654 ; 4.654 ; 4.654 ; 4.654 ;
; SW[6]      ; HEX0[4]     ; 4.542 ; 4.542 ; 4.542 ; 4.542 ;
; SW[6]      ; HEX0[5]     ; 4.541 ; 4.541 ; 4.541 ; 4.541 ;
; SW[6]      ; HEX0[6]     ; 4.543 ; 4.543 ; 4.543 ; 4.543 ;
; SW[6]      ; HEX1[6]     ; 4.799 ; 4.799 ; 4.799 ; 4.799 ;
; SW[6]      ; LEDR[1]     ; 4.186 ; 4.186 ; 4.186 ; 4.186 ;
; SW[6]      ; LEDR[2]     ; 4.356 ;       ;       ; 4.356 ;
; SW[6]      ; LEDR[3]     ; 4.428 ; 4.428 ; 4.428 ; 4.428 ;
; SW[7]      ; HEX0[0]     ; 5.346 ; 5.346 ; 5.346 ; 5.346 ;
; SW[7]      ; HEX0[1]     ; 5.456 ; 5.456 ; 5.456 ; 5.456 ;
; SW[7]      ; HEX0[2]     ; 5.369 ; 5.369 ; 5.369 ; 5.369 ;
; SW[7]      ; HEX0[5]     ; 5.255 ; 5.255 ; 5.255 ; 5.255 ;
; SW[7]      ; HEX0[6]     ; 5.249 ; 5.249 ; 5.249 ; 5.249 ;
; SW[7]      ; HEX1[6]     ; 4.888 ; 4.888 ; 4.888 ; 4.888 ;
; SW[7]      ; LEDR[1]     ; 3.849 ; 3.849 ; 3.849 ; 3.849 ;
; SW[7]      ; LEDR[2]     ; 4.023 ;       ;       ; 4.023 ;
; SW[7]      ; LEDR[3]     ; 4.435 ; 4.435 ; 4.435 ; 4.435 ;
; SW[8]      ; HEX0[0]     ; 4.619 ; 4.619 ; 4.619 ; 4.619 ;
; SW[8]      ; HEX0[1]     ; 4.732 ; 4.732 ; 4.732 ; 4.732 ;
; SW[8]      ; HEX0[2]     ; 4.645 ; 4.645 ; 4.645 ; 4.645 ;
; SW[8]      ; HEX0[3]     ; 4.639 ; 4.639 ; 4.639 ; 4.639 ;
; SW[8]      ; HEX0[4]     ; 4.527 ; 4.527 ; 4.527 ; 4.527 ;
; SW[8]      ; HEX0[5]     ; 4.526 ; 4.526 ; 4.526 ; 4.526 ;
; SW[8]      ; HEX0[6]     ; 4.528 ; 4.528 ; 4.528 ; 4.528 ;
; SW[8]      ; HEX1[6]     ; 4.784 ; 4.784 ; 4.784 ; 4.784 ;
; SW[8]      ; LEDR[1]     ; 3.872 ; 3.872 ; 3.872 ; 3.872 ;
; SW[8]      ; LEDR[2]     ; 4.043 ; 4.043 ; 4.043 ; 4.043 ;
; SW[8]      ; LEDR[3]     ; 4.413 ; 4.413 ; 4.413 ; 4.413 ;
+------------+-------------+-------+-------+-------+-------+


-------------------
; Clock Transfers ;
-------------------
Nothing to report.


---------------
; Report TCCS ;
---------------
No dedicated SERDES Transmitter circuitry present in device or used in design


---------------
; Report RSKM ;
---------------
No dedicated SERDES Receiver circuitry present in device or used in design


+------------------------------------------------+
; Unconstrained Paths                            ;
+---------------------------------+-------+------+
; Property                        ; Setup ; Hold ;
+---------------------------------+-------+------+
; Illegal Clocks                  ; 0     ; 0    ;
; Unconstrained Clocks            ; 0     ; 0    ;
; Unconstrained Input Ports       ; 10    ; 10   ;
; Unconstrained Input Port Paths  ; 125   ; 125  ;
; Unconstrained Output Ports      ; 12    ; 12   ;
; Unconstrained Output Port Paths ; 136   ; 136  ;
+---------------------------------+-------+------+


+------------------------------------+
; TimeQuest Timing Analyzer Messages ;
+------------------------------------+
Info: *******************************************************************
Info: Running Quartus II 32-bit TimeQuest Timing Analyzer
    Info: Version 13.0.1 Build 232 06/12/2013 Service Pack 1 SJ Web Edition
    Info: Processing started: Wed Apr 12 17:55:47 2017
Info: Command: quartus_sta alu -c alu
Info: qsta_default_script.tcl version: #1
Warning (20028): Parallel compilation is not licensed and has been disabled
Info (21077): Low junction temperature is 0 degrees C
Info (21077): High junction temperature is 85 degrees C
Warning (335093): TimeQuest Timing Analyzer is analyzing 5 combinational loops as latches.
Critical Warning (332012): Synopsys Design Constraints File file not found: 'alu.sdc'. A Synopsys Design Constraints File is required by the TimeQuest Timing Analyzer to get proper timing constraints. Without it, the Compiler will not properly optimize the design.
Info (332142): No user constrained base clocks found in the design. Calling "derive_clocks -period 1.0"
Info (332105): Deriving Clocks
    Info (332105): create_clock -period 1.000 -name SW[9] SW[9]
Info: Found TIMEQUEST_REPORT_SCRIPT_INCLUDE_DEFAULT_ANALYSIS = ON
Info: Analyzing Slow Model
Info (332140): No fmax paths to report
Info (332140): No Setup paths to report
Info (332140): No Hold paths to report
Info (332140): No Recovery paths to report
Info (332140): No Removal paths to report
Critical Warning (332148): Timing requirements not met
Info (332146): Worst-case minimum pulse width slack is -1.631
    Info (332119):     Slack End Point TNS Clock 
    Info (332119): ========= ============= =====================
    Info (332119):    -1.631        -1.631 SW[9] 
Info (332001): The selected device family is not supported by the report_metastability command.
Info: Analyzing Fast Model
Info (332140): No Setup paths to report
Info (332140): No Hold paths to report
Info (332140): No Recovery paths to report
Info (332140): No Removal paths to report
Critical Warning (332148): Timing requirements not met
Info (332146): Worst-case minimum pulse width slack is -1.380
    Info (332119):     Slack End Point TNS Clock 
    Info (332119): ========= ============= =====================
    Info (332119):    -1.380        -1.380 SW[9] 
Info (332001): The selected device family is not supported by the report_metastability command.
Info (332102): Design is not fully constrained for setup requirements
Info (332102): Design is not fully constrained for hold requirements
Info: Quartus II 32-bit TimeQuest Timing Analyzer was successful. 0 errors, 5 warnings
    Info: Peak virtual memory: 296 megabytes
    Info: Processing ended: Wed Apr 12 17:55:47 2017
    Info: Elapsed time: 00:00:00
    Info: Total CPU time (on all processors): 00:00:01


