------------------------------------------------------------
TimeQuest Timing Analyzer Summary
------------------------------------------------------------

Type  : Slow Model Setup 'CLOCK_50'
Slack : -3.387
TNS   : -58.747

Type  : Slow Model Setup 'Relogio:clock|clock_divisor:div|cout'
Slack : -3.254
TNS   : -56.218

Type  : Slow Model Hold 'CLOCK_50'
Slack : -2.689
TNS   : -2.689

Type  : Slow Model Hold 'Relogio:clock|clock_divisor:div|cout'
Slack : 0.445
TNS   : 0.000

Type  : Slow Model Minimum Pulse Width 'CLOCK_50'
Slack : -1.631
TNS   : -33.403

Type  : Slow Model Minimum Pulse Width 'Relogio:clock|clock_divisor:div|cout'
Slack : -0.611
TNS   : -29.328

Type  : Fast Model Setup 'CLOCK_50'
Slack : -0.840
TNS   : -9.713

Type  : Fast Model Setup 'Relogio:clock|clock_divisor:div|cout'
Slack : -0.682
TNS   : -8.786

Type  : Fast Model Hold 'CLOCK_50'
Slack : -1.719
TNS   : -1.719

Type  : Fast Model Hold 'Relogio:clock|clock_divisor:div|cout'
Slack : 0.215
TNS   : 0.000

Type  : Fast Model Minimum Pulse Width 'CLOCK_50'
Slack : -1.380
TNS   : -27.380

Type  : Fast Model Minimum Pulse Width 'Relogio:clock|clock_divisor:div|cout'
Slack : -0.500
TNS   : -24.000

------------------------------------------------------------
